Component: ARM Compiler 5.06 update 6 (build 750) Tool: armlink [4d35ed]

==============================================================================

Section Cross References

    beep.o(.text) refers to sys.o(.text) for GPIO_Set
    beep.o(.text) refers to delay.o(.text) for Delay_ms
    can1.o(.text) refers to stm32f4xx_rcc.o(.text) for RCC_APB1PeriphClockCmd
    can1.o(.text) refers to stm32f4xx_gpio.o(.text) for GPIO_PinAFConfig
    can1.o(.text) refers to stm32f4xx_can.o(.text) for CAN_Init
    can1.o(.text) refers to misc.o(.text) for NVIC_Init
    can1.o(.text) refers to memcpya.o(.text) for __aeabi_memcpy
    can1.o(.text) refers to canctrllist.o(.data) for CAN_Procedure
    can1.o(.text) refers to motor.o(.bss) for motor
    can1.o(.text) refers to can1.o(.data) for s16TempData
    can2.o(.text) refers to stm32f4xx_rcc.o(.text) for RCC_APB1PeriphClockCmd
    can2.o(.text) refers to stm32f4xx_gpio.o(.text) for GPIO_PinAFConfig
    can2.o(.text) refers to misc.o(.text) for NVIC_Init
    can2.o(.text) refers to stm32f4xx_can.o(.text) for CAN_Init
    can2.o(.text) refers to param.o(.text) for ChangeData
    can2.o(.text) refers to os_time.o(.text) for OSTimeGet
    can2.o(.text) refers to motor.o(.bss) for motor
    can2.o(.text) refers to queue.o(.bss) for Can2_MesgSentList
    can2.o(.text) refers to elmo.o(.bss) for ELMOmotor
    can2.o(.text) refers to can2.o(.bss) for DJ_tx_message
    can2.o(.text) refers to param.o(.bss) for flag
    led8.o(.text) refers to sys.o(.text) for GPIO_Set
    led8.o(.text) refers to stm32f4xx_gpio.o(.text) for GPIO_SetBits
    led8.o(.text) refers to led8.o(.constdata) for LED_table
    led.o(.text) refers to sys.o(.text) for GPIO_Set
    led.o(.text) refers to os_time.o(.text) for OSTimeDly
    main.o(.text) refers to visual_scope.o(.text) for VS4Channal_Send
    main.o(.text) refers to os_time.o(.text) for OSTimeDly
    main.o(.text) refers to elmo.o(.text) for VX
    main.o(.text) refers to key.o(.text) for Key_Ctrl
    main.o(.text) refers to led.o(.text) for Led_Show
    main.o(.text) refers to usart2.o(.text) for UsartLCDshow
    main.o(.text) refers to os_cpu_c.o(.text) for OS_CPU_SysTickInit
    main.o(.text) refers to os_cpu_a.o(.text) for OS_CPU_SR_Save
    main.o(.text) refers to os_sem.o(.text) for OSSemCreate
    main.o(.text) refers to os_task.o(.text) for OSTaskCreate
    main.o(.text) refers to led8.o(.text) for Led8DisData
    main.o(.text) refers to delay.o(.text) for Delay_ms
    main.o(.text) refers to system_stm32f4xx.o(.text) for SystemInit
    main.o(.text) refers to beep.o(.text) for Beep_Configuration
    main.o(.text) refers to can1.o(.text) for CAN1_Configuration
    main.o(.text) refers to can2.o(.text) for CAN2_Configuration
    main.o(.text) refers to usart1.o(.text) for USART1_Configuration
    main.o(.text) refers to tim3.o(.text) for TIM3_Configuration
    main.o(.text) refers to param.o(.text) for param_Init
    main.o(.text) refers to queue.o(.text) for Can_SendqueueInit
    main.o(.text) refers to canctrllist.o(.text) for InitCANControlList
    main.o(.text) refers to os_core.o(.text) for OSInit
    main.o(.text) refers to motor.o(.bss) for motor
    main.o(.text) refers to param.o(.bss) for flag
    main.o(.text) refers to main.o(.data) for RUN
    main.o(.text) refers to main.o(.bss) for LCD_TASK_STK
    main.o(.text) refers to queue.o(.bss) for Can2_MesgSentList
    param.o(.text) refers to motor.o(.text) for Motor_Init
    param.o(.text) refers to param.o(.bss) for flag
    tim3.o(.text) refers to sys.o(.text) for MY_NVIC_Init
    tim3.o(.text) refers to motor.o(.text) for pulse_caculate
    tim3.o(.text) refers to can2.o(.text) for currentInput
    tim3.o(.text) refers to queue.o(.text) for Can_DeQueue
    tim3.o(.text) refers to canctrllist.o(.text) for TraversalControlList
    tim3.o(.text) refers to motor.o(.bss) for motor
    tim3.o(.text) refers to queue.o(.bss) for Can2_Sendqueue
    tim3.o(.text) refers to param.o(.bss) for flag
    usart1.o(.text) refers to sys.o(.text) for GPIO_Set
    usart1.o(.text) refers to dma.o(.text) for MYDMA_Config
    usart1.o(.text) refers to stm32f4xx_dma.o(.text) for DMA_ITConfig
    usart1.o(.text) refers to memcpya.o(.text) for __aeabi_memcpy
    usart1.o(.text) refers to param.o(.bss) for usart
    usart2.o(.text) refers to sys.o(.text) for GPIO_Set
    usart2.o(.text) refers to dma.o(.text) for MYDMA_Config
    usart2.o(.text) refers to stm32f4xx_dma.o(.text) for DMA_ITConfig
    usart2.o(.text) refers to stm32f4xx_usart.o(.text) for USART_GetITStatus
    usart2.o(.text) refers to memseta.o(.text) for __aeabi_memclr
    usart2.o(.text) refers to param.o(.bss) for usart
    usart2.o(.text) refers to usart2.o(.data) for USART2_RX_STA
    motor.o(.text) refers to pid.o(.text) for PID_Init
    motor.o(.text) refers to memcpya.o(.text) for __aeabi_memcpy4
    motor.o(.text) refers to motor.o(.data) for M2006instrin
    motor.o(.text) refers to motor.o(.bss) for Motorlimit
[...]
    elmo.o(.text) refers to elmo.o(.bss) for ELMOlimit
    elmo.o(.text) refers to queue.o(.bss) for Can2_Sendqueue
    elmo.o(.text) refers to param.o(.bss) for flag
    visual_scope.o(.text) refers to usart1.o(.text) for USART1_Send
    sys.o(.text) refers to sys.o(.emb_text) for WFI_SET
    stm32f4xx_can.o(.text) refers to stm32f4xx_rcc.o(.text) for RCC_APB1PeriphResetCmd
    stm32f4xx_gpio.o(.text) refers to stm32f4xx_rcc.o(.text) for RCC_AHB1PeriphResetCmd
    stm32f4xx_rcc.o(.text) refers to stm32f4xx_rcc.o(.data) for APBAHBPrescTable
    stm32f4xx_tim.o(.text) refers to stm32f4xx_rcc.o(.text) for RCC_APB2PeriphResetCmd
    stm32f4xx_usart.o(.text) refers to stm32f4xx_rcc.o(.text) for RCC_APB2PeriphResetCmd
    system_stm32f4xx.o(.text) refers to system_stm32f4xx.o(.data) for SystemCoreClock
    startup_stm32f4xx.o(RESET) refers to startup_stm32f4xx.o(STACK) for __initial_sp
    startup_stm32f4xx.o(RESET) refers to startup_stm32f4xx.o(.text) for Reset_Handler
    startup_stm32f4xx.o(RESET) refers to os_cpu_a.o(.text) for PendSV_Handler
    startup_stm32f4xx.o(RESET) refers to os_cpu_c.o(.text) for SysTick_Handler
    startup_stm32f4xx.o(RESET) refers to usart2.o(.text) for DMA1_Stream6_IRQHandler
    startup_stm32f4xx.o(RESET) refers to can1.o(.text) for CAN1_RX0_IRQHandler
    startup_stm32f4xx.o(RESET) refers to tim3.o(.text) for TIM3_IRQHandler
    startup_stm32f4xx.o(RESET) refers to can2.o(.text) for CAN2_RX0_IRQHandler
    startup_stm32f4xx.o(RESET) refers to usart1.o(.text) for DMA2_Stream7_IRQHandler
    startup_stm32f4xx.o(.text) refers to system_stm32f4xx.o(.text) for SystemInit
    startup_stm32f4xx.o(.text) refers to entry.o(.ARM.Collect$$$$00000000) for __main
    os_core.o(.text) refers to os_task.o(.text) for OSTaskStkChk
    os_core.o(.text) refers to os_time.o(.text) for OSTimeDly
    os_core.o(.text) refers to os_cpu_a.o(.text) for OS_CPU_SR_Save
    os_core.o(.text) refers to os_cpu_c.o(.text) for OSTaskStatHook
    os_core.o(.text) refers to os_flag.o(.text) for OS_FlagInit
    os_core.o(.text) refers to os_mem.o(.text) for OS_MemInit
    os_core.o(.text) refers to os_q.o(.text) for OS_QInit
    os_core.o(.text) refers to os_core.o(.bss) for OSTCBPrioTbl
    os_core.o(.text) refers to os_core.o(.data) for OSStatRdy
    os_core.o(.text) refers to os_core.o(.constdata) for OSUnMapTbl
    os_flag.o(.text) refers to os_cpu_a.o(.text) for OS_CPU_SR_Save
    os_flag.o(.text) refers to os_core.o(.text) for OS_Sched
    os_flag.o(.text) refers to os_core.o(.data) for OSIntNesting
    os_flag.o(.text) refers to os_core.o(.bss) for OSFlagTbl
    os_mbox.o(.text) refers to os_cpu_a.o(.text) for OS_CPU_SR_Save
    os_mbox.o(.text) refers to os_core.o(.text) for OS_EventWaitListInit
    os_mbox.o(.text) refers to os_core.o(.data) for OSIntNesting
    os_mem.o(.text) refers to os_cpu_a.o(.text) for OS_CPU_SR_Save
    os_mem.o(.text) refers to os_core.o(.text) for OS_StrLen
    os_mem.o(.text) refers to os_core.o(.data) for OSMemFreeList
    os_mem.o(.text) refers to os_core.o(.bss) for OSMemTbl
    os_mutex.o(.text) refers to os_cpu_a.o(.text) for OS_CPU_SR_Save
    os_mutex.o(.text) refers to os_core.o(.text) for OS_EventWaitListInit
    os_mutex.o(.text) refers to os_core.o(.data) for OSIntNesting
    os_mutex.o(.text) refers to os_core.o(.bss) for OSTCBPrioTbl
    os_q.o(.text) refers to os_cpu_a.o(.text) for OS_CPU_SR_Save
    os_q.o(.text) refers to os_core.o(.text) for OS_EventWaitListInit
    os_q.o(.text) refers to os_core.o(.data) for OSIntNesting
    os_q.o(.text) refers to os_core.o(.bss) for OSQTbl
    os_sem.o(.text) refers to os_cpu_a.o(.text) for OS_CPU_SR_Save
    os_sem.o(.text) refers to os_core.o(.text) for OS_EventWaitListInit
    os_sem.o(.text) refers to os_core.o(.data) for OSIntNesting
    os_task.o(.text) refers to os_cpu_a.o(.text) for OS_CPU_SR_Save
    os_task.o(.text) refers to os_core.o(.text) for OS_Sched
    os_task.o(.text) refers to os_cpu_c.o(.text) for OSTaskStkInit
    os_task.o(.text) refers to os_flag.o(.text) for OS_FlagUnlink
    os_task.o(.text) refers to os_core.o(.bss) for OSTCBPrioTbl
    os_task.o(.text) refers to os_core.o(.data) for OSTCBCur
    os_time.o(.text) refers to os_cpu_a.o(.text) for OS_CPU_SR_Save
    os_time.o(.text) refers to os_core.o(.text) for OS_Sched
    os_time.o(.text) refers to os_core.o(.data) for OSIntNesting
    os_time.o(.text) refers to os_core.o(.bss) for OSTCBPrioTbl
    os_cpu_a.o(.text) refers to os_core.o(.data) for OSRunning
    os_cpu_a.o(.text) refers to os_cpu_c.o(.text) for OSTaskSwHook
    os_cpu_c.o(.text) refers to os_cpu_a.o(.text) for OS_CPU_SR_Save
    os_cpu_c.o(.text) refers to os_core.o(.text) for OSTimeTick
    os_cpu_c.o(.text) refers to stm32f4xx_rcc.o(.text) for RCC_GetClocksFreq
    os_cpu_c.o(.text) refers to os_cpu_c.o(.data) for tick_ms
    os_cpu_c.o(.text) refers to os_core.o(.data) for OSIntNesting
    entry.o(.ARM.Collect$$$$00000000) refers (Special) to entry10a.o(.ARM.Collect$$$$0000000D) for __rt_final_cpp
    entry.o(.ARM.Collect$$$$00000000) refers (Special) to entry11a.o(.ARM.Collect$$$$0000000F) for __rt_final_exit
    entry.o(.ARM.Collect$$$$00000000) refers (Special) to entry7b.o(.ARM.Collect$$$$00000008) for _main_clock
    entry.o(.ARM.Collect$$$$00000000) refers (Special) to entry8b.o(.ARM.Collect$$$$0000000A) for _main_cpp_init
    entry.o(.ARM.Collect$$$$00000000) refers (Special) to entry9a.o(.ARM.Collect$$$$0000000B) for _main_init
    entry.o(.ARM.Collect$$$$00000000) refers (Special) to entry5.o(.ARM.Collect$$$$00000004) for _main_scatterload
    entry.o(.ARM.Collect$$$$00000000) refers (Special) to entry2.o(.ARM.Collect$$$$00000001) for _main_stk
    entry2.o(.ARM.Collect$$$$00000001) refers to entry2.o(.ARM.Collect$$$$00002712) for __lit__00000000
    entry2.o(.ARM.Collect$$$$00002712) refers to startup_stm32f4xx.o(STACK) for __initial_sp
    entry2.o(__vectab_stack_and_reset_area) refers to startup_stm32f4xx.o(STACK) for __initial_sp
    entry2.o(__vectab_stack_and_reset_area) refers to entry.o(.ARM.Collect$$$$00000000) for __main
    entry5.o(.ARM.Collect$$$$00000004) refers to init.o(.text) for __scatterload
    entry9a.o(.ARM.Collect$$$$0000000B) refers to main.o(.text) for main
    entry9b.o(.ARM.Collect$$$$0000000C) refers to main.o(.text) for main
    init.o(.text) refers to entry5.o(.ARM.Collect$$$$00000004) for __main_after_scatterload


==============================================================================

Removing Unused input sections from the image.

    Removing beep.o(.rev16_text), (4 bytes).
    Removing beep.o(.revsh_text), (4 bytes).
    Removing beep.o(.rrx_text), (6 bytes).
    Removing can1.o(.rev16_text), (4 bytes).
    Removing can1.o(.revsh_text), (4 bytes).
    Removing can1.o(.rrx_text), (6 bytes).
    Removing delay.o(.rev16_text), (4 bytes).
    Removing delay.o(.revsh_text), (4 bytes).
    Removing delay.o(.rrx_text), (6 bytes).
    Removing can2.o(.rev16_text), (4 bytes).
    Removing can2.o(.revsh_text), (4 bytes).
    Removing can2.o(.rrx_text), (6 bytes).
    Removing led8.o(.rev16_text), (4 bytes).
    Removing led8.o(.revsh_text), (4 bytes).
    Removing led8.o(.rrx_text), (6 bytes).
    Removing led.o(.rev16_text), (4 bytes).
    Removing led.o(.revsh_text), (4 bytes).
    Removing led.o(.rrx_text), (6 bytes).
    Removing main.o(.rev16_text), (4 bytes).
    Removing main.o(.revsh_text), (4 bytes).
    Removing main.o(.rrx_text), (6 bytes).
    Removing param.o(.rev16_text), (4 bytes).
    Removing param.o(.revsh_text), (4 bytes).
    Removing param.o(.rrx_text), (6 bytes).
    Removing param.o(.constdata), (10 bytes).
    Removing tim3.o(.rev16_text), (4 bytes).
    Removing tim3.o(.revsh_text), (4 bytes).
    Removing tim3.o(.rrx_text), (6 bytes).
    Removing usart1.o(.rev16_text), (4 bytes).
    Removing usart1.o(.revsh_text), (4 bytes).
    Removing usart1.o(.rrx_text), (6 bytes).
    Removing usart2.o(.rev16_text), (4 bytes).
    Removing usart2.o(.revsh_text), (4 bytes).
    Removing usart2.o(.rrx_text), (6 bytes).
    Removing usart2.o(.bss), (32 bytes).
    Removing motor.o(.rev16_text), (4 bytes).
    Removing motor.o(.revsh_text), (4 bytes).
    Removing motor.o(.rrx_text), (6 bytes).
    Removing buffer.o(.rev16_text), (4 bytes).
    Removing buffer.o(.revsh_text), (4 bytes).
    Removing buffer.o(.rrx_text), (6 bytes).
    Removing buffer.o(.text), (250 bytes).
    Removing key.o(.rev16_text), (4 bytes).
    Removing key.o(.revsh_text), (4 bytes).
    Removing key.o(.rrx_text), (6 bytes).
    Removing queue.o(.rev16_text), (4 bytes).
    Removing queue.o(.revsh_text), (4 bytes).
    Removing queue.o(.rrx_text), (6 bytes).
    Removing vesc.o(.rev16_text), (4 bytes).
    Removing vesc.o(.revsh_text), (4 bytes).
    Removing vesc.o(.rrx_text), (6 bytes).
    Removing vesc.o(.text), (1120 bytes).
    Removing vesc.o(.bss), (252 bytes).
    Removing vesc.o(.data), (8 bytes).
    Removing canctrllist.o(.rev16_text), (4 bytes).
    Removing canctrllist.o(.revsh_text), (4 bytes).
    Removing canctrllist.o(.rrx_text), (6 bytes).
    Removing pid.o(.rev16_text), (4 bytes).
    Removing pid.o(.revsh_text), (4 bytes).
    Removing pid.o(.rrx_text), (6 bytes).
    Removing elmo.o(.rev16_text), (4 bytes).
    Removing elmo.o(.revsh_text), (4 bytes).
    Removing elmo.o(.rrx_text), (6 bytes).
    Removing dma.o(.rev16_text), (4 bytes).
    Removing dma.o(.revsh_text), (4 bytes).
    Removing dma.o(.rrx_text), (6 bytes).
    Removing visual_scope.o(.rev16_text), (4 bytes).
    Removing visual_scope.o(.revsh_text), (4 bytes).
    Removing visual_scope.o(.rrx_text), (6 bytes).
    Removing sys.o(.rev16_text), (4 bytes).
    Removing sys.o(.revsh_text), (4 bytes).
    Removing sys.o(.rrx_text), (6 bytes).
    Removing misc.o(.rev16_text), (4 bytes).
    Removing misc.o(.revsh_text), (4 bytes).
    Removing misc.o(.rrx_text), (6 bytes).
    Removing stm32f4xx_can.o(.rev16_text), (4 bytes).
    Removing stm32f4xx_can.o(.revsh_text), (4 bytes).
    Removing stm32f4xx_can.o(.rrx_text), (6 bytes).
    Removing stm32f4xx_dma.o(.rev16_text), (4 bytes).
    Removing stm32f4xx_dma.o(.revsh_text), (4 bytes).
    Removing stm32f4xx_dma.o(.rrx_text), (6 bytes).
    Removing stm32f4xx_exti.o(.rev16_text), (4 bytes).
    Removing stm32f4xx_exti.o(.revsh_text), (4 bytes).
    Removing stm32f4xx_exti.o(.rrx_text), (6 bytes).
    Removing stm32f4xx_exti.o(.text), (284 bytes).
    Removing stm32f4xx_gpio.o(.rev16_text), (4 bytes).
    Removing stm32f4xx_gpio.o(.revsh_text), (4 bytes).
    Removing stm32f4xx_gpio.o(.rrx_text), (6 bytes).
    Removing stm32f4xx_rcc.o(.rev16_text), (4 bytes).
    Removing stm32f4xx_rcc.o(.revsh_text), (4 bytes).
    Removing stm32f4xx_rcc.o(.rrx_text), (6 bytes).
    Removing stm32f4xx_tim.o(.rev16_text), (4 bytes).
    Removing stm32f4xx_tim.o(.revsh_text), (4 bytes).
    Removing stm32f4xx_tim.o(.rrx_text), (6 bytes).
    Removing stm32f4xx_tim.o(.text), (3234 bytes).
    Removing stm32f4xx_usart.o(.rev16_text), (4 bytes).
    Removing stm32f4xx_usart.o(.revsh_text), (4 bytes).
    Removing stm32f4xx_usart.o(.rrx_text), (6 bytes).
    Removing system_stm32f4xx.o(.rev16_text), (4 bytes).
    Removing system_stm32f4xx.o(.revsh_text), (4 bytes).
    Removing system_stm32f4xx.o(.rrx_text), (6 bytes).
    Removing startup_stm32f4xx.o(HEAP), (10240 bytes).
    Removing os_mbox.o(.text), (972 bytes).
    Removing os_mutex.o(.text), (1584 bytes).
    Removing os_cpu_c.o(.rev16_text), (4 bytes).
    Removing os_cpu_c.o(.revsh_text), (4 bytes).
    Removing os_cpu_c.o(.rrx_text), (6 bytes).
    Removing os_dbg.o(.constdata), (2 bytes).

108 unused section(s) (total 18436 bytes) removed from the image.

==============================================================================

Image Symbol Table

    Local Symbols

    Symbol Name                              Value     Ov Type        Size  Object(Section)

    ../clib/microlib/init/entry.s            0x00000000   Number         0  entry8a.o ABSOLUTE
    ../clib/microlib/init/entry.s            0x00000000   Number         0  entry10a.o ABSOLUTE
    ../clib/microlib/init/entry.s            0x00000000   Number         0  entry9b.o ABSOLUTE
    ../clib/microlib/init/entry.s            0x00000000   Number         0  entry9a.o ABSOLUTE
    ../clib/microlib/init/entry.s            0x00000000   Number         0  entry8b.o ABSOLUTE
    ../clib/microlib/init/entry.s            0x00000000   Number         0  entry7b.o ABSOLUTE
    ../clib/microlib/init/entry.s            0x00000000   Number         0  entry5.o ABSOLUTE
    ../clib/microlib/init/entry.s            0x00000000   Number         0  entry7a.o ABSOLUTE
    ../clib/microlib/init/entry.s            0x00000000   Number         0  entry11a.o ABSOLUTE
    ../clib/microlib/init/entry.s            0x00000000   Number         0  entry10b.o ABSOLUTE
    ../clib/microlib/init/entry.s            0x00000000   Number         0  entry11b.o ABSOLUTE
    ../clib/microlib/init/entry.s            0x00000000   Number         0  entry.o ABSOLUTE
    ../clib/microlib/init/entry.s            0x00000000   Number         0  entry2.o ABSOLUTE
    ../clib/microlib/string/memcpy.c         0x00000000   Number         0  memcpya.o ABSOLUTE
    ../clib/microlib/string/memcpy.c         0x00000000   Number         0  memcpyb.o ABSOLUTE
    ../clib/microlib/string/memset.c         0x00000000   Number         0  memseta.o ABSOLUTE
    GeneralFunction\\src\\dma.c              0x00000000   Number         0  dma.o ABSOLUTE
    GeneralFunction\\src\\sys.c              0x00000000   Number         0  sys.o ABSOLUTE
    GeneralFunction\\src\\visual_scope.c     0x00000000   Number         0  visual_scope.o ABSOLUTE
    GeneralFunction\src\dma.c                0x00000000   Number         0  dma.o ABSOLUTE
    GeneralFunction\src\sys.c                0x00000000   Number         0  sys.o ABSOLUTE
    GeneralFunction\src\visual_scope.c       0x00000000   Number         0  visual_scope.o ABSOLUTE
    Libraries\CMSIS\system_stm32f4xx.c       0x00000000   Number         0  system_stm32f4xx.o ABSOLUTE
    Libraries\STM32F4xx_StdPeriph_Driver\src\misc.c 0x00000000   Number         0  misc.o ABSOLUTE
    Libraries\STM32F4xx_StdPeriph_Driver\src\stm32f4xx_can.c 0x00000000   Number         0  stm32f4xx_can.o ABSOLUTE
    Libraries\STM32F4xx_StdPeriph_Driver\src\stm32f4xx_dma.c 0x00000000   Number         0  stm32f4xx_dma.o ABSOLUTE
    Libraries\STM32F4xx_StdPeriph_Driver\src\stm32f4xx_exti.c 0x00000000   Number         0  stm32f4xx_exti.o ABSOLUTE
    Libraries\STM32F4xx_StdPeriph_Driver\src\stm32f4xx_gpio.c 0x00000000   Number         0  stm32f4xx_gpio.o ABSOLUTE
    Libraries\STM32F4xx_StdPeriph_Driver\src\stm32f4xx_rcc.c 0x00000000   Number         0  stm32f4xx_rcc.o ABSOLUTE
    Libraries\STM32F4xx_StdPeriph_Driver\src\stm32f4xx_tim.c 0x00000000   Number         0  stm32f4xx_tim.o ABSOLUTE
    Libraries\STM32F4xx_StdPeriph_Driver\src\stm32f4xx_usart.c 0x00000000   Number         0  stm32f4xx_usart.o ABSOLUTE
    Libraries\Startup\startup_stm32f4xx.s    0x00000000   Number         0  startup_stm32f4xx.o ABSOLUTE
    Libraries\\CMSIS\\system_stm32f4xx.c     0x00000000   Number         0  system_stm32f4xx.o ABSOLUTE
    Libraries\\STM32F4xx_StdPeriph_Driver\\src\\misc.c 0x00000000   Number         0  misc.o ABSOLUTE
    Libraries\\STM32F4xx_StdPeriph_Driver\\src\\stm32f4xx_can.c 0x00000000   Number         0  stm32f4xx_can.o ABSOLUTE
    Libraries\\STM32F4xx_StdPeriph_Driver\\src\\stm32f4xx_dma.c 0x00000000   Number         0  stm32f4xx_dma.o ABSOLUTE
    Libraries\\STM32F4xx_StdPeriph_Driver\\src\\stm32f4xx_exti.c 0x00000000   Number         0  stm32f4xx_exti.o ABSOLUTE
    Libraries\\STM32F4xx_StdPeriph_Driver\\src\\stm32f4xx_gpio.c 0x00000000   Number         0  stm32f4xx_gpio.o ABSOLUTE
    Libraries\\STM32F4xx_StdPeriph_Driver\\src\\stm32f4xx_rcc.c 0x00000000   Number         0  stm32f4xx_rcc.o ABSOLUTE
    Libraries\\STM32F4xx_StdPeriph_Driver\\src\\stm32f4xx_tim.c 0x00000000   Number         0  stm32f4xx_tim.o ABSOLUTE
    Libraries\\STM32F4xx_StdPeriph_Driver\\src\\stm32f4xx_usart.c 0x00000000   Number         0  stm32f4xx_usart.o ABSOLUTE
    USER\SRC\beep.c                          0x00000000   Number         0  beep.o ABSOLUTE
    USER\SRC\buffer.c                        0x00000000   Number         0  buffer.o ABSOLUTE
    USER\SRC\can1.c                          0x00000000   Number         0  can1.o ABSOLUTE
    USER\SRC\can2.c                          0x00000000   Number         0  can2.o ABSOLUTE
    USER\SRC\canctrllist.c                   0x00000000   Number         0  canctrllist.o ABSOLUTE
    USER\SRC\delay.c                         0x00000000   Number         0  delay.o ABSOLUTE
    USER\SRC\elmo.c                          0x00000000   Number         0  elmo.o ABSOLUTE
    USER\SRC\key.c                           0x00000000   Number         0  key.o ABSOLUTE
    USER\SRC\led.c                           0x00000000   Number         0  led.o ABSOLUTE
    USER\SRC\led8.c                          0x00000000   Number         0  led8.o ABSOLUTE
    USER\SRC\main.c                          0x00000000   Number         0  main.o ABSOLUTE
    USER\SRC\motor.c                         0x00000000   Number         0  motor.o ABSOLUTE
    USER\SRC\param.c                         0x00000000   Number         0  param.o ABSOLUTE
    USER\SRC\pid.c                           0x00000000   Number         0  pid.o ABSOLUTE
    USER\SRC\queue.c                         0x00000000   Number         0  queue.o ABSOLUTE
    USER\SRC\tim3.c                          0x00000000   Number         0  tim3.o ABSOLUTE
    USER\SRC\usart1.c                        0x00000000   Number         0  usart1.o ABSOLUTE
    USER\SRC\usart2.c                        0x00000000   Number         0  usart2.o ABSOLUTE
    USER\SRC\vesc.c                          0x00000000   Number         0  vesc.o ABSOLUTE
    USER\\SRC\\beep.c                        0x00000000   Number         0  beep.o ABSOLUTE
    USER\\SRC\\buffer.c                      0x00000000   Number         0  buffer.o ABSOLUTE
    USER\\SRC\\can1.c                        0x00000000   Number         0  can1.o ABSOLUTE
    USER\\SRC\\can2.c                        0x00000000   Number         0  can2.o ABSOLUTE
    USER\\SRC\\canctrllist.c                 0x00000000   Number         0  canctrllist.o ABSOLUTE
    USER\\SRC\\delay.c                       0x00000000   Number         0  delay.o ABSOLUTE
    USER\\SRC\\elmo.c                        0x00000000   Number         0  elmo.o ABSOLUTE
    USER\\SRC\\key.c                         0x00000000   Number         0  key.o ABSOLUTE
    USER\\SRC\\led.c                         0x00000000   Number         0  led.o ABSOLUTE
    USER\\SRC\\led8.c                        0x00000000   Number         0  led8.o ABSOLUTE
    USER\\SRC\\main.c                        0x00000000   Number         0  main.o ABSOLUTE
    USER\\SRC\\motor.c                       0x00000000   Number         0  motor.o ABSOLUTE
    USER\\SRC\\param.c                       0x00000000   Number         0  param.o ABSOLUTE
    USER\\SRC\\pid.c                         0x00000000   Number         0  pid.o ABSOLUTE
    USER\\SRC\\queue.c                       0x00000000   Number         0  queue.o ABSOLUTE
    USER\\SRC\\tim3.c                        0x00000000   Number         0  tim3.o ABSOLUTE
    USER\\SRC\\usart1.c                      0x00000000   Number         0  usart1.o ABSOLUTE
    USER\\SRC\\usart2.c                      0x00000000   Number         0  usart2.o ABSOLUTE
    USER\\SRC\\vesc.c                        0x00000000   Number         0  vesc.o ABSOLUTE
    dc.s                                     0x00000000   Number         0  dc.o ABSOLUTE
    handlers.s                               0x00000000   Number         0  handlers.o ABSOLUTE
    init.s                                   0x00000000   Number         0  init.o ABSOLUTE
    uCOSII\CORE\os_core.c                    0x00000000   Number         0  os_core.o ABSOLUTE
    uCOSII\CORE\os_flag.c                    0x00000000   Number         0  os_flag.o ABSOLUTE
    uCOSII\CORE\os_mbox.c                    0x00000000   Number         0  os_mbox.o ABSOLUTE
    uCOSII\CORE\os_mem.c                     0x00000000   Number         0  os_mem.o ABSOLUTE
    uCOSII\CORE\os_mutex.c                   0x00000000   Number         0  os_mutex.o ABSOLUTE
    uCOSII\CORE\os_q.c                       0x00000000   Number         0  os_q.o ABSOLUTE
    uCOSII\CORE\os_sem.c                     0x00000000   Number         0  os_sem.o ABSOLUTE
    uCOSII\CORE\os_task.c                    0x00000000   Number         0  os_task.o ABSOLUTE
    uCOSII\CORE\os_time.c                    0x00000000   Number         0  os_time.o ABSOLUTE
    uCOSII\CORE\os_tmr.c                     0x00000000   Number         0  os_tmr.o ABSOLUTE
    uCOSII\PORT\os_cpu_a.asm                 0x00000000   Number         0  os_cpu_a.o ABSOLUTE
    uCOSII\PORT\os_cpu_c.c                   0x00000000   Number         0  os_cpu_c.o ABSOLUTE
    uCOSII\PORT\os_dbg.c                     0x00000000   Number         0  os_dbg.o ABSOLUTE
    uCOSII\\PORT\\os_cpu_c.c                 0x00000000   Number         0  os_cpu_c.o ABSOLUTE
    RESET                                    0x08000000   Section      392  startup_stm32f4xx.o(RESET)
    .ARM.Collect$$$$00000000                 0x08000188   Section        0  entry.o(.ARM.Collect$$$$00000000)
    .ARM.Collect$$$$00000001                 0x08000188   Section        4  entry2.o(.ARM.Collect$$$$00000001)
    .ARM.Collect$$$$00000004                 0x0800018c   Section        4  entry5.o(.ARM.Collect$$$$00000004)
    .ARM.Collect$$$$00000008                 0x08000190   Section        0  entry7b.o(.ARM.Collect$$$$00000008)
    .ARM.Collect$$$$0000000A                 0x08000190   Section        0  entry8b.o(.ARM.Collect$$$$0000000A)
    .ARM.Collect$$$$0000000B                 0x08000190   Section        8  entry9a.o(.ARM.Collect$$$$0000000B)
    .ARM.Collect$$$$0000000D                 0x08000198   Section        0  entry10a.o(.ARM.Collect$$$$0000000D)
    .ARM.Collect$$$$0000000F                 0x08000198   Section        0  entry11a.o(.ARM.Collect$$$$0000000F)
    .ARM.Collect$$$$00002712                 0x08000198   Section        4  entry2.o(.ARM.Collect$$$$00002712)
    __lit__00000000                          0x08000198   Data           4  entry2.o(.ARM.Collect$$$$00002712)
    .emb_text                                0x0800019c   Section       16  sys.o(.emb_text)
    $v0                                      0x0800019c   Number         0  sys.o(.emb_text)
    .text                                    0x080001ac   Section        0  beep.o(.text)
    .text                                    0x080001f4   Section        0  can1.o(.text)
    answer_master                            0x080002d9   Thumb Code    88  can1.o(.text)
    feedbackAngle                            0x08000331   Thumb Code   180  can1.o(.text)
    .text                                    0x080006f8   Section        0  delay.o(.text)
    .text                                    0x08000730   Section        0  can2.o(.text)
    Elmo_Feedback_Deel                       0x08000afd   Thumb Code    52  can2.o(.text)
    .text                                    0x08000fd8   Section        0  led8.o(.text)
    .text                                    0x0800105c   Section        0  led.o(.text)
    .text                                    0x080010ec   Section        0  main.o(.text)
    Task_Scope                               0x080010ed   Thumb Code    30  main.o(.text)
    Task_Elmo                                0x0800110b   Thumb Code    48  main.o(.text)
    Task_Motor                               0x0800113b   Thumb Code    14  main.o(.text)
    Task_Flag                                0x08001149   Thumb Code    62  main.o(.text)
    Task_Lcd                                 0x08001187   Thumb Code    16  main.o(.text)
    Task_Start                               0x08001197   Thumb Code   108  main.o(.text)
    .text                                    0x080012d8   Section        0  param.o(.text)
    .text                                    0x08001300   Section        0  tim3.o(.text)
    .text                                    0x08001434   Section        0  usart1.o(.text)
    .text                                    0x08001554   Section        0  usart2.o(.text)
    USART2_Send                              0x08001749   Thumb Code    34  usart2.o(.text)
    .text                                    0x0800180c   Section        0  motor.o(.text)
    setZero                                  0x08001aa1   Thumb Code    14  motor.o(.text)
    .text                                    0x080023e8   Section        0  key.o(.text)
    .text                                    0x08002638   Section        0  queue.o(.text)
    .text                                    0x0800280c   Section        0  canctrllist.o(.text)
    .text                                    0x08002c00   Section        0  pid.o(.text)
    .text                                    0x08002c80   Section        0  elmo.o(.text)
    .text                                    0x08003dd8   Section        0  dma.o(.text)
    .text                                    0x08003f20   Section        0  visual_scope.o(.text)
    .text                                    0x08003fd0   Section        0  sys.o(.text)
    .text                                    0x08004428   Section        0  misc.o(.text)
    .text                                    0x08004508   Section        0  stm32f4xx_can.o(.text)
    CheckITStatus                            0x08004d0b   Thumb Code    18  stm32f4xx_can.o(.text)
    .text                                    0x08004ef8   Section        0  stm32f4xx_dma.o(.text)
    .text                                    0x080052a0   Section        0  stm32f4xx_gpio.o(.text)
    .text                                    0x080054fc   Section        0  stm32f4xx_rcc.o(.text)
    .text                                    0x08005a84   Section        0  stm32f4xx_usart.o(.text)
    .text                                    0x08005ea0   Section        0  system_stm32f4xx.o(.text)
    SetSysClock                              0x08005ea1   Thumb Code   220  system_stm32f4xx.o(.text)
    .text                                    0x080060b0   Section       36  startup_stm32f4xx.o(.text)
    $v0                                      0x080060b0   Number         0  startup_stm32f4xx.o(.text)
    .text                                    0x080060d4   Section        0  os_core.o(.text)
    OS_InitTaskStat                          0x0800619b   Thumb Code    52  os_core.o(.text)
    OS_InitTaskIdle                          0x080061f1   Thumb Code    52  os_core.o(.text)
    OS_InitEventList                         0x08006237   Thumb Code    76  os_core.o(.text)
    OS_InitTCBList                           0x08006283   Thumb Code   106  os_core.o(.text)
    OS_InitRdyList                           0x080062ed   Thumb Code    44  os_core.o(.text)
    OS_InitMisc                              0x08006319   Thumb Code    44  os_core.o(.text)
    OS_SchedNew                              0x08006391   Thumb Code    26  os_core.o(.text)
    .text                                    0x08006994   Section        0  os_flag.o(.text)
    OS_FlagTaskRdy                           0x08006b0b   Thumb Code    82  os_flag.o(.text)
    OS_FlagBlock                             0x08006cc5   Thumb Code   152  os_flag.o(.text)
    .text                                    0x080071a0   Section        0  os_mem.o(.text)
    .text                                    0x08007384   Section        0  os_q.o(.text)
    .text                                    0x0800796c   Section        0  os_sem.o(.text)
    .text                                    0x08007cf8   Section        0  os_task.o(.text)
    .text                                    0x080084b8   Section        0  os_time.o(.text)
    .text                                    0x08008664   Section      176  os_cpu_a.o(.text)
    $v0                                      0x08008664   Number         0  os_cpu_a.o(.text)
    .text                                    0x08008714   Section        0  os_cpu_c.o(.text)
    .text                                    0x0800899c   Section        0  memcpya.o(.text)
    .text                                    0x080089c0   Section        0  memseta.o(.text)
    .text                                    0x080089e4   Section       36  init.o(.text)
    i.__scatterload_copy                     0x08008a08   Section       14  handlers.o(i.__scatterload_copy)
    i.__scatterload_null                     0x08008a16   Section        2  handlers.o(i.__scatterload_null)
    i.__scatterload_zeroinit                 0x08008a18   Section       14  handlers.o(i.__scatterload_zeroinit)
    .constdata                               0x08008a26   Section       18  led8.o(.constdata)
    .constdata                               0x08008a38   Section      256  os_core.o(.constdata)
    .data                                    0x20000000   Section       16  can1.o(.data)
    s16TempData                              0x20000000   Data           8  can1.o(.data)
    .data                                    0x20000010   Section        4  main.o(.data)
    .data                                    0x20000014   Section        1  usart2.o(.data)
    .data                                    0x20000016   Section       12  motor.o(.data)
    .data                                    0x20000024   Section       12  queue.o(.data)
    .data                                    0x20000030   Section        3  canctrllist.o(.data)
    .data                                    0x20000034   Section       24  elmo.o(.data)
    .data                                    0x2000004c   Section       16  stm32f4xx_rcc.o(.data)
    APBAHBPrescTable                         0x2000004c   Data          16  stm32f4xx_rcc.o(.data)
    .data                                    0x2000005c   Section       20  system_stm32f4xx.o(.data)
    .data                                    0x20000070   Section       76  os_core.o(.data)
    .data                                    0x200000bc   Section        4  os_cpu_c.o(.data)
    .bss                                     0x200000c0   Section       20  can2.o(.bss)
    DJ_tx_message                            0x200000c0   Data          20  can2.o(.bss)
    .bss                                     0x200000d8   Section     8704  main.o(.bss)
    .bss                                     0x200022d8   Section      668  param.o(.bss)
    .bss                                     0x20002574   Section     1652  motor.o(.bss)
    .bss                                     0x20002be8   Section     7516  queue.o(.bss)
    .bss                                     0x20004944   Section      440  elmo.o(.bss)
    .bss                                     0x20004afc   Section     7084  os_core.o(.bss)
    STACK                                    0x200066a8   Section     1024  startup_stm32f4xx.o(STACK)

    Global Symbols

    Symbol Name                              Value     Ov Type        Size  Object(Section)

    BuildAttributes$$THM_ISAv4$E$P$D$K$B$S$7EM$VFPi3$EXTD16$VFPS$VFMA$PE$A:L22UL41UL21$X:L11$S22US41US21$IEEE1$IW$USESV6$~STKCKD$USESV7$~SHL$OSPACE$EBA8$MICROLIB$REQ8$PRES8$EABIv2 0x00000000   Number         0  anon$$obj.o ABSOLUTE
    __ARM_use_no_argv                        0x00000000   Number         0  main.o ABSOLUTE
    __cpp_initialize__aeabi_                  - Undefined Weak Reference
    __cxa_finalize                            - Undefined Weak Reference
    __decompress                              - Undefined Weak Reference
    _clock_init                               - Undefined Weak Reference
    _microlib_exit                            - Undefined Weak Reference
    __Vectors_Size                           0x00000188   Number         0  startup_stm32f4xx.o ABSOLUTE
    __Vectors                                0x08000000   Data           4  startup_stm32f4xx.o(RESET)
    __Vectors_End                            0x08000188   Data           0  startup_stm32f4xx.o(RESET)
    __main                                   0x08000189   Thumb Code     0  entry.o(.ARM.Collect$$$$00000000)
    _main_stk                                0x08000189   Thumb Code     0  entry2.o(.ARM.Collect$$$$00000001)
    _main_scatterload                        0x0800018d   Thumb Code     0  entry5.o(.ARM.Collect$$$$00000004)
    __main_after_scatterload                 0x08000191   Thumb Code     0  entry5.o(.ARM.Collect$$$$00000004)
    _main_clock                              0x08000191   Thumb Code     0  entry7b.o(.ARM.Collect$$$$00000008)
    _main_cpp_init                           0x08000191   Thumb Code     0  entry8b.o(.ARM.Collect$$$$0000000A)
    _main_init                               0x08000191   Thumb Code     0  entry9a.o(.ARM.Collect$$$$0000000B)
    __rt_final_cpp                           0x08000199   Thumb Code     0  entry10a.o(.ARM.Collect$$$$0000000D)
    __rt_final_exit                          0x08000199   Thumb Code     0  entry11a.o(.ARM.Collect$$$$0000000F)
    WFI_SET                                  0x0800019d   Thumb Code     2  sys.o(.emb_text)
    INTX_DISABLE                             0x0800019f   Thumb Code     4  sys.o(.emb_text)
    INTX_ENABLE                              0x080001a3   Thumb Code     4  sys.o(.emb_text)
    MSR_MSP                                  0x080001a7   Thumb Code     6  sys.o(.emb_text)
    Beep_Configuration                       0x080001ad   Thumb Code    22  beep.o(.text)
    Beep_Show                                0x080001c3   Thumb Code    44  beep.o(.text)
    CAN1_Configuration                       0x080001f5   Thumb Code   228  can1.o(.text)
    CAN1_RX0_IRQHandler                      0x080003e5   Thumb Code   780  can1.o(.text)
    Delay_ms                                 0x080006f9   Thumb Code    28  delay.o(.text)
    Delay_us                                 0x08000715   Thumb Code    26  delay.o(.text)
    CAN2_Configuration                       0x08000731   Thumb Code   494  can2.o(.text)
    CAN2_RX0_IRQHandler                      0x0800091f   Thumb Code   478  can2.o(.text)
    CAN2_RX1_IRQHandler                      0x08000b31   Thumb Code   806  can2.o(.text)
    currentInput                             0x08000e57   Thumb Code   300  can2.o(.text)
    valveCtrl                                0x08000f83   Thumb Code    66  can2.o(.text)
    Led8_Configuration                       0x08000fd9   Thumb Code    46  led8.o(.text)
    Led8DisData                              0x08001007   Thumb Code    78  led8.o(.text)
    LED_Configuration                        0x0800105d   Thumb Code    22  led.o(.text)
    Led_Show                                 0x08001073   Thumb Code   116  led.o(.text)
    main                                     0x08001203   Thumb Code   134  main.o(.text)
    Flag_Init                                0x080012d9   Thumb Code    12  param.o(.text)
    param_Init                               0x080012e5   Thumb Code    12  param.o(.text)
    ChangeData                               0x080012f1   Thumb Code    12  param.o(.text)
    TIM3_Configuration                       0x08001301   Thumb Code   102  tim3.o(.text)
    TIM3_IRQHandler                          0x08001367   Thumb Code   178  tim3.o(.text)
    USART1_Configuration                     0x08001435   Thumb Code   174  usart1.o(.text)
    USART1_Send                              0x080014e3   Thumb Code    46  usart1.o(.text)
    DMA2_Stream7_IRQHandler                  0x08001511   Thumb Code    38  usart1.o(.text)
    USART2_Configuration                     0x08001555   Thumb Code   204  usart2.o(.text)
    DMA1_Stream6_IRQHandler                  0x08001621   Thumb Code    38  usart2.o(.text)
    USART2_IRQHandler                        0x08001647   Thumb Code   258  usart2.o(.text)
    UsartLCDshow                             0x0800176b   Thumb Code   122  usart2.o(.text)
    Motor_Init                               0x0800180d   Thumb Code   660  motor.o(.text)
    speed_mode                               0x08001aaf   Thumb Code   178  motor.o(.text)
    position_mode                            0x08001b61   Thumb Code   892  motor.o(.text)
    zero_mode                                0x08001edd   Thumb Code   468  motor.o(.text)
    pulse_caculate                           0x080020b1   Thumb Code   818  motor.o(.text)
    Key_Configuration                        0x080023e9   Thumb Code    48  key.o(.text)
    Check_Matrixkey                          0x08002419   Thumb Code   278  key.o(.text)
    Check_Dialkey                            0x0800252f   Thumb Code    40  key.o(.text)
    Key_Ctrl                                 0x08002557   Thumb Code   216  key.o(.text)
    QueueEmpty                               0x08002639   Thumb Code    18  queue.o(.text)
    QueueFull                                0x0800264b   Thumb Code    30  queue.o(.text)
    Can_SendqueueInit                        0x08002669   Thumb Code    16  queue.o(.text)
    Can_DeQueue                              0x08002679   Thumb Code   366  queue.o(.text)
    InitCANControlList                       0x0800280d   Thumb Code   128  canctrllist.o(.text)
    TraversalControlList                     0x0800288d   Thumb Code   510  canctrllist.o(.text)
    Can_MesgCtrlList                         0x08002a8b   Thumb Code   374  canctrllist.o(.text)
    PID_Init                                 0x08002c01   Thumb Code    32  pid.o(.text)
    PID_Operation                            0x08002c21   Thumb Code    96  pid.o(.text)
    ELMO_Motor_Init                          0x08002c81   Thumb Code   382  elmo.o(.text)
    ELMO_Init                                0x08002dff   Thumb Code    72  elmo.o(.text)
    AC                                       0x08002e47   Thumb Code   280  elmo.o(.text)
    BG                                       0x08002f5f   Thumb Code   154  elmo.o(.text)
    DC                                       0x08002ff9   Thumb Code   318  elmo.o(.text)
    JV                                       0x08003137   Thumb Code   304  elmo.o(.text)
    IQ                                       0x08003267   Thumb Code   156  elmo.o(.text)
    MO                                       0x08003303   Thumb Code   314  elmo.o(.text)
    MO_CAN1                                  0x0800343d   Thumb Code   136  elmo.o(.text)
    PA                                       0x080034c5   Thumb Code   284  elmo.o(.text)
    PE                                       0x080035e1   Thumb Code   154  elmo.o(.text)
    PR                                       0x0800367b   Thumb Code   154  elmo.o(.text)
    PX                                       0x08003715   Thumb Code   280  elmo.o(.text)
    SD                                       0x0800382d   Thumb Code   294  elmo.o(.text)
    SP                                       0x08003953   Thumb Code   280  elmo.o(.text)
    ST                                       0x08003a6b   Thumb Code   154  elmo.o(.text)
    TC                                       0x08003b05   Thumb Code   232  elmo.o(.text)
    UM                                       0x08003bed   Thumb Code   328  elmo.o(.text)
    VX                                       0x08003d35   Thumb Code   154  elmo.o(.text)
    MYDMA_Config                             0x08003dd9   Thumb Code   284  dma.o(.text)
    MYDMA_Enable                             0x08003ef5   Thumb Code    32  dma.o(.text)
    CRC_CHECK                                0x08003f21   Thumb Code    58  visual_scope.o(.text)
    VS4Channal_Send                          0x08003f5b   Thumb Code   118  visual_scope.o(.text)
    MY_NVIC_SetVectorTable                   0x08003fd1   Thumb Code    12  sys.o(.text)
    MY_NVIC_PriorityGroupConfig              0x08003fdd   Thumb Code    36  sys.o(.text)
    MY_NVIC_Init                             0x08004001   Thumb Code   116  sys.o(.text)
    Ex_NVIC_Config                           0x08004075   Thumb Code   168  sys.o(.text)
    GPIO_AF_Set                              0x0800411d   Thumb Code    64  sys.o(.text)
    GPIO_Set                                 0x0800415d   Thumb Code   222  sys.o(.text)
    Sys_Standby                              0x0800423b   Thumb Code    72  sys.o(.text)
    Sys_Soft_Reset                           0x08004283   Thumb Code    12  sys.o(.text)
    Sys_Clock_Set                            0x0800428f   Thumb Code   266  sys.o(.text)
    Stm32_Clock_Init                         0x08004399   Thumb Code   138  sys.o(.text)
    NVIC_PriorityGroupConfig                 0x08004429   Thumb Code    10  misc.o(.text)
    NVIC_Init                                0x08004433   Thumb Code   106  misc.o(.text)
    NVIC_SetVectorTable                      0x0800449d   Thumb Code    14  misc.o(.text)
    NVIC_SystemLPConfig                      0x080044ab   Thumb Code    34  misc.o(.text)
    SysTick_CLKSourceConfig                  0x080044cd   Thumb Code    40  misc.o(.text)
    CAN_DeInit                               0x08004509   Thumb Code    50  stm32f4xx_can.o(.text)
    CAN_Init                                 0x0800453b   Thumb Code   276  stm32f4xx_can.o(.text)
    CAN_FilterInit                           0x0800464f   Thumb Code   258  stm32f4xx_can.o(.text)
    CAN_StructInit                           0x08004751   Thumb Code    32  stm32f4xx_can.o(.text)
    CAN_SlaveStartBank                       0x08004771   Thumb Code    48  stm32f4xx_can.o(.text)
    CAN_DBGFreeze                            0x080047a1   Thumb Code    22  stm32f4xx_can.o(.text)
    CAN_TTComModeCmd                         0x080047b7   Thumb Code   118  stm32f4xx_can.o(.text)
    CAN_Transmit                             0x0800482d   Thumb Code   304  stm32f4xx_can.o(.text)
    CAN_TransmitStatus                       0x0800495d   Thumb Code   138  stm32f4xx_can.o(.text)
    CAN_CancelTransmit                       0x080049e7   Thumb Code    48  stm32f4xx_can.o(.text)
    CAN_Receive                              0x08004a17   Thumb Code   240  stm32f4xx_can.o(.text)
    CAN_FIFORelease                          0x08004b07   Thumb Code    22  stm32f4xx_can.o(.text)
    CAN_MessagePending                       0x08004b1d   Thumb Code    30  stm32f4xx_can.o(.text)
    CAN_OperatingModeRequest                 0x08004b3b   Thumb Code   162  stm32f4xx_can.o(.text)
    CAN_Sleep                                0x08004bdd   Thumb Code    30  stm32f4xx_can.o(.text)
    CAN_WakeUp                               0x08004bfb   Thumb Code    48  stm32f4xx_can.o(.text)
    CAN_GetLastErrorCode                     0x08004c2b   Thumb Code    12  stm32f4xx_can.o(.text)
    CAN_GetReceiveErrorCounter               0x08004c37   Thumb Code    10  stm32f4xx_can.o(.text)
    CAN_GetLSBTransmitErrorCounter           0x08004c41   Thumb Code    12  stm32f4xx_can.o(.text)
    CAN_ITConfig                             0x08004c4d   Thumb Code    18  stm32f4xx_can.o(.text)
    CAN_GetFlagStatus                        0x08004c5f   Thumb Code   120  stm32f4xx_can.o(.text)
    CAN_ClearFlag                            0x08004cd7   Thumb Code    52  stm32f4xx_can.o(.text)
    CAN_GetITStatus                          0x08004d1d   Thumb Code   310  stm32f4xx_can.o(.text)
    CAN_ClearITPendingBit                    0x08004e53   Thumb Code   162  stm32f4xx_can.o(.text)
    DMA_DeInit                               0x08004ef9   Thumb Code   324  stm32f4xx_dma.o(.text)
    DMA_Init                                 0x0800503d   Thumb Code    82  stm32f4xx_dma.o(.text)
    DMA_StructInit                           0x0800508f   Thumb Code    34  stm32f4xx_dma.o(.text)
    DMA_Cmd                                  0x080050b1   Thumb Code    22  stm32f4xx_dma.o(.text)
    DMA_PeriphIncOffsetSizeConfig            0x080050c7   Thumb Code    22  stm32f4xx_dma.o(.text)
    DMA_FlowControllerConfig                 0x080050dd   Thumb Code    22  stm32f4xx_dma.o(.text)
    DMA_SetCurrDataCounter                   0x080050f3   Thumb Code     4  stm32f4xx_dma.o(.text)
    DMA_GetCurrDataCounter                   0x080050f7   Thumb Code     8  stm32f4xx_dma.o(.text)
    DMA_DoubleBufferModeConfig               0x080050ff   Thumb Code    24  stm32f4xx_dma.o(.text)
    DMA_DoubleBufferModeCmd                  0x08005117   Thumb Code    22  stm32f4xx_dma.o(.text)
    DMA_MemoryTargetConfig                   0x0800512d   Thumb Code    10  stm32f4xx_dma.o(.text)
    DMA_GetCurrentMemoryTarget               0x08005137   Thumb Code    20  stm32f4xx_dma.o(.text)
    DMA_GetCmdStatus                         0x0800514b   Thumb Code    20  stm32f4xx_dma.o(.text)
    DMA_GetFIFOStatus                        0x0800515f   Thumb Code    12  stm32f4xx_dma.o(.text)
    DMA_GetFlagStatus                        0x0800516b   Thumb Code    56  stm32f4xx_dma.o(.text)
    DMA_ClearFlag                            0x080051a3   Thumb Code    40  stm32f4xx_dma.o(.text)
    DMA_ITConfig                             0x080051cb   Thumb Code    58  stm32f4xx_dma.o(.text)
    DMA_GetITStatus                          0x08005205   Thumb Code    84  stm32f4xx_dma.o(.text)
    DMA_ClearITPendingBit                    0x08005259   Thumb Code    40  stm32f4xx_dma.o(.text)
    GPIO_DeInit                              0x080052a1   Thumb Code   220  stm32f4xx_gpio.o(.text)
    GPIO_Init                                0x0800537d   Thumb Code   144  stm32f4xx_gpio.o(.text)
    GPIO_StructInit                          0x0800540d   Thumb Code    18  stm32f4xx_gpio.o(.text)
    GPIO_PinLockConfig                       0x0800541f   Thumb Code    34  stm32f4xx_gpio.o(.text)
    GPIO_ReadInputDataBit                    0x08005441   Thumb Code    18  stm32f4xx_gpio.o(.text)
    GPIO_ReadInputData                       0x08005453   Thumb Code     8  stm32f4xx_gpio.o(.text)
    GPIO_ReadOutputDataBit                   0x0800545b   Thumb Code    18  stm32f4xx_gpio.o(.text)
    GPIO_ReadOutputData                      0x0800546d   Thumb Code     8  stm32f4xx_gpio.o(.text)
    GPIO_SetBits                             0x08005475   Thumb Code     4  stm32f4xx_gpio.o(.text)
    GPIO_ResetBits                           0x08005479   Thumb Code     4  stm32f4xx_gpio.o(.text)
    GPIO_WriteBit                            0x0800547d   Thumb Code    10  stm32f4xx_gpio.o(.text)
    GPIO_Write                               0x08005487   Thumb Code     4  stm32f4xx_gpio.o(.text)
    GPIO_ToggleBits                          0x0800548b   Thumb Code     8  stm32f4xx_gpio.o(.text)
    GPIO_PinAFConfig                         0x08005493   Thumb Code    70  stm32f4xx_gpio.o(.text)
    RCC_DeInit                               0x080054fd   Thumb Code    60  stm32f4xx_rcc.o(.text)
    RCC_HSEConfig                            0x08005539   Thumb Code    14  stm32f4xx_rcc.o(.text)
    RCC_GetFlagStatus                        0x08005547   Thumb Code    60  stm32f4xx_rcc.o(.text)
    RCC_WaitForHSEStartUp                    0x08005583   Thumb Code    56  stm32f4xx_rcc.o(.text)
    RCC_AdjustHSICalibrationValue            0x080055bb   Thumb Code    20  stm32f4xx_rcc.o(.text)
    RCC_HSICmd                               0x080055cf   Thumb Code     6  stm32f4xx_rcc.o(.text)
    RCC_LSEConfig                            0x080055d5   Thumb Code    46  stm32f4xx_rcc.o(.text)
    RCC_LSICmd                               0x08005603   Thumb Code     6  stm32f4xx_rcc.o(.text)
    RCC_PLLConfig                            0x08005609   Thumb Code    32  stm32f4xx_rcc.o(.text)
    RCC_PLLCmd                               0x08005629   Thumb Code     6  stm32f4xx_rcc.o(.text)
    RCC_PLLI2SConfig                         0x0800562f   Thumb Code    14  stm32f4xx_rcc.o(.text)
    RCC_PLLI2SCmd                            0x0800563d   Thumb Code     6  stm32f4xx_rcc.o(.text)
    RCC_ClockSecuritySystemCmd               0x08005643   Thumb Code     6  stm32f4xx_rcc.o(.text)
    RCC_MCO1Config                           0x08005649   Thumb Code    28  stm32f4xx_rcc.o(.text)
    RCC_MCO2Config                           0x08005665   Thumb Code    28  stm32f4xx_rcc.o(.text)
    RCC_SYSCLKConfig                         0x08005681   Thumb Code    20  stm32f4xx_rcc.o(.text)
    RCC_GetSYSCLKSource                      0x08005695   Thumb Code    12  stm32f4xx_rcc.o(.text)
    RCC_HCLKConfig                           0x080056a1   Thumb Code    20  stm32f4xx_rcc.o(.text)
    RCC_PCLK1Config                          0x080056b5   Thumb Code    20  stm32f4xx_rcc.o(.text)
    RCC_PCLK2Config                          0x080056c9   Thumb Code    22  stm32f4xx_rcc.o(.text)
    RCC_GetClocksFreq                        0x080056df   Thumb Code   222  stm32f4xx_rcc.o(.text)
    RCC_RTCCLKConfig                         0x080057bd   Thumb Code    54  stm32f4xx_rcc.o(.text)
    RCC_RTCCLKCmd                            0x080057f3   Thumb Code     8  stm32f4xx_rcc.o(.text)
    RCC_BackupResetCmd                       0x080057fb   Thumb Code     8  stm32f4xx_rcc.o(.text)
    RCC_I2SCLKConfig                         0x08005803   Thumb Code     6  stm32f4xx_rcc.o(.text)
    RCC_AHB1PeriphClockCmd                   0x08005809   Thumb Code    34  stm32f4xx_rcc.o(.text)
    RCC_AHB2PeriphClockCmd                   0x0800582b   Thumb Code    34  stm32f4xx_rcc.o(.text)
    RCC_AHB3PeriphClockCmd                   0x0800584d   Thumb Code    34  stm32f4xx_rcc.o(.text)
    RCC_APB1PeriphClockCmd                   0x0800586f   Thumb Code    34  stm32f4xx_rcc.o(.text)
    RCC_APB2PeriphClockCmd                   0x08005891   Thumb Code    34  stm32f4xx_rcc.o(.text)
    RCC_AHB1PeriphResetCmd                   0x080058b3   Thumb Code    34  stm32f4xx_rcc.o(.text)
    RCC_AHB2PeriphResetCmd                   0x080058d5   Thumb Code    72  stm32f4xx_rcc.o(.text)
    RCC_AHB3PeriphResetCmd                   0x0800591d   Thumb Code    34  stm32f4xx_rcc.o(.text)
    RCC_APB1PeriphResetCmd                   0x0800593f   Thumb Code    34  stm32f4xx_rcc.o(.text)
    RCC_APB2PeriphResetCmd                   0x08005961   Thumb Code    34  stm32f4xx_rcc.o(.text)
    RCC_AHB1PeriphClockLPModeCmd             0x08005983   Thumb Code    34  stm32f4xx_rcc.o(.text)
    RCC_AHB2PeriphClockLPModeCmd             0x080059a5   Thumb Code    34  stm32f4xx_rcc.o(.text)
    RCC_AHB3PeriphClockLPModeCmd             0x080059c7   Thumb Code    34  stm32f4xx_rcc.o(.text)
    RCC_APB1PeriphClockLPModeCmd             0x080059e9   Thumb Code    34  stm32f4xx_rcc.o(.text)
    RCC_APB2PeriphClockLPModeCmd             0x08005a0b   Thumb Code    34  stm32f4xx_rcc.o(.text)
    RCC_ITConfig                             0x08005a2d   Thumb Code    34  stm32f4xx_rcc.o(.text)
    RCC_ClearFlag                            0x08005a4f   Thumb Code    18  stm32f4xx_rcc.o(.text)
    RCC_GetITStatus                          0x08005a61   Thumb Code    22  stm32f4xx_rcc.o(.text)
    RCC_ClearITPendingBit                    0x08005a77   Thumb Code     8  stm32f4xx_rcc.o(.text)
    USART_DeInit                             0x08005a85   Thumb Code   156  stm32f4xx_usart.o(.text)
    USART_Init                               0x08005b21   Thumb Code   204  stm32f4xx_usart.o(.text)
    USART_StructInit                         0x08005bed   Thumb Code    24  stm32f4xx_usart.o(.text)
    USART_ClockInit                          0x08005c05   Thumb Code    32  stm32f4xx_usart.o(.text)
    USART_ClockStructInit                    0x08005c25   Thumb Code    12  stm32f4xx_usart.o(.text)
    USART_Cmd                                0x08005c31   Thumb Code    24  stm32f4xx_usart.o(.text)
    USART_SetPrescaler                       0x08005c49   Thumb Code    16  stm32f4xx_usart.o(.text)
    USART_OverSampling8Cmd                   0x08005c59   Thumb Code    22  stm32f4xx_usart.o(.text)
    USART_OneBitMethodCmd                    0x08005c6f   Thumb Code    24  stm32f4xx_usart.o(.text)
    USART_SendData                           0x08005c87   Thumb Code     8  stm32f4xx_usart.o(.text)
    USART_ReceiveData                        0x08005c8f   Thumb Code    10  stm32f4xx_usart.o(.text)
    USART_SetAddress                         0x08005c99   Thumb Code    18  stm32f4xx_usart.o(.text)
    USART_ReceiverWakeUpCmd                  0x08005cab   Thumb Code    24  stm32f4xx_usart.o(.text)
    USART_WakeUpConfig                       0x08005cc3   Thumb Code    18  stm32f4xx_usart.o(.text)
    USART_LINBreakDetectLengthConfig         0x08005cd5   Thumb Code    18  stm32f4xx_usart.o(.text)
    USART_LINCmd                             0x08005ce7   Thumb Code    24  stm32f4xx_usart.o(.text)
    USART_SendBreak                          0x08005cff   Thumb Code    10  stm32f4xx_usart.o(.text)
    USART_HalfDuplexCmd                      0x08005d09   Thumb Code    24  stm32f4xx_usart.o(.text)
    USART_SetGuardTime                       0x08005d21   Thumb Code    16  stm32f4xx_usart.o(.text)
    USART_SmartCardCmd                       0x08005d31   Thumb Code    24  stm32f4xx_usart.o(.text)
    USART_SmartCardNACKCmd                   0x08005d49   Thumb Code    24  stm32f4xx_usart.o(.text)
    USART_IrDAConfig                         0x08005d61   Thumb Code    18  stm32f4xx_usart.o(.text)
    USART_IrDACmd                            0x08005d73   Thumb Code    24  stm32f4xx_usart.o(.text)
    USART_DMACmd                             0x08005d8b   Thumb Code    18  stm32f4xx_usart.o(.text)
    USART_ITConfig                           0x08005d9d   Thumb Code    74  stm32f4xx_usart.o(.text)
    USART_GetFlagStatus                      0x08005de7   Thumb Code    26  stm32f4xx_usart.o(.text)
    USART_ClearFlag                          0x08005e01   Thumb Code    18  stm32f4xx_usart.o(.text)
    USART_GetITStatus                        0x08005e13   Thumb Code   110  stm32f4xx_usart.o(.text)
    USART_ClearITPendingBit                  0x08005e81   Thumb Code    30  stm32f4xx_usart.o(.text)
    SystemInit                               0x08005f7d   Thumb Code    88  system_stm32f4xx.o(.text)
    SystemCoreClockUpdate                    0x08005fd5   Thumb Code   174  system_stm32f4xx.o(.text)
    Reset_Handler                            0x080060b1   Thumb Code     8  startup_stm32f4xx.o(.text)
    NMI_Handler                              0x080060b9   Thumb Code     2  startup_stm32f4xx.o(.text)
    HardFault_Handler                        0x080060bb   Thumb Code     2  startup_stm32f4xx.o(.text)
    MemManage_Handler                        0x080060bd   Thumb Code     2  startup_stm32f4xx.o(.text)
    BusFault_Handler                         0x080060bf   Thumb Code     2  startup_stm32f4xx.o(.text)
    UsageFault_Handler                       0x080060c1   Thumb Code     2  startup_stm32f4xx.o(.text)
    SVC_Handler                              0x080060c3   Thumb Code     2  startup_stm32f4xx.o(.text)
    DebugMon_Handler                         0x080060c5   Thumb Code     2  startup_stm32f4xx.o(.text)
    ADC_IRQHandler                           0x080060cb   Thumb Code     0  startup_stm32f4xx.o(.text)
    CAN1_RX1_IRQHandler                      0x080060cb   Thumb Code     0  startup_stm32f4xx.o(.text)
    CAN1_SCE_IRQHandler                      0x080060cb   Thumb Code     0  startup_stm32f4xx.o(.text)
    CAN1_TX_IRQHandler                       0x080060cb   Thumb Code     0  startup_stm32f4xx.o(.text)
    CAN2_SCE_IRQHandler                      0x080060cb   Thumb Code     0  startup_stm32f4xx.o(.text)
    CAN2_TX_IRQHandler                       0x080060cb   Thumb Code     0  startup_stm32f4xx.o(.text)
    CRYP_IRQHandler                          0x080060cb   Thumb Code     0  startup_stm32f4xx.o(.text)
    DCMI_IRQHandler                          0x080060cb   Thumb Code     0  startup_stm32f4xx.o(.text)
    DMA1_Stream0_IRQHandler                  0x080060cb   Thumb Code     0  startup_stm32f4xx.o(.text)
    DMA1_Stream1_IRQHandler                  0x080060cb   Thumb Code     0  startup_stm32f4xx.o(.text)
    DMA1_Stream2_IRQHandler                  0x080060cb   Thumb Code     0  startup_stm32f4xx.o(.text)
    DMA1_Stream3_IRQHandler                  0x080060cb   Thumb Code     0  startup_stm32f4xx.o(.text)
    DMA1_Stream4_IRQHandler                  0x080060cb   Thumb Code     0  startup_stm32f4xx.o(.text)
    DMA1_Stream5_IRQHandler                  0x080060cb   Thumb Code     0  startup_stm32f4xx.o(.text)
    DMA1_Stream7_IRQHandler                  0x080060cb   Thumb Code     0  startup_stm32f4xx.o(.text)
    DMA2_Stream0_IRQHandler                  0x080060cb   Thumb Code     0  startup_stm32f4xx.o(.text)
    DMA2_Stream1_IRQHandler                  0x080060cb   Thumb Code     0  startup_stm32f4xx.o(.text)
    DMA2_Stream2_IRQHandler                  0x080060cb   Thumb Code     0  startup_stm32f4xx.o(.text)
    DMA2_Stream3_IRQHandler                  0x080060cb   Thumb Code     0  startup_stm32f4xx.o(.text)
    DMA2_Stream4_IRQHandler                  0x080060cb   Thumb Code     0  startup_stm32f4xx.o(.text)
    DMA2_Stream5_IRQHandler                  0x080060cb   Thumb Code     0  startup_stm32f4xx.o(.text)
    DMA2_Stream6_IRQHandler                  0x080060cb   Thumb Code     0  startup_stm32f4xx.o(.text)
    ETH_IRQHandler                           0x080060cb   Thumb Code     0  startup_stm32f4xx.o(.text)
    ETH_WKUP_IRQHandler                      0x080060cb   Thumb Code     0  startup_stm32f4xx.o(.text)
    EXTI0_IRQHandler                         0x080060cb   Thumb Code     0  startup_stm32f4xx.o(.text)
    EXTI15_10_IRQHandler                     0x080060cb   Thumb Code     0  startup_stm32f4xx.o(.text)
    EXTI1_IRQHandler                         0x080060cb   Thumb Code     0  startup_stm32f4xx.o(.text)
    EXTI2_IRQHandler                         0x080060cb   Thumb Code     0  startup_stm32f4xx.o(.text)
    EXTI3_IRQHandler                         0x080060cb   Thumb Code     0  startup_stm32f4xx.o(.text)
    EXTI4_IRQHandler                         0x080060cb   Thumb Code     0  startup_stm32f4xx.o(.text)
    EXTI9_5_IRQHandler                       0x080060cb   Thumb Code     0  startup_stm32f4xx.o(.text)
    FLASH_IRQHandler                         0x080060cb   Thumb Code     0  startup_stm32f4xx.o(.text)
    FPU_IRQHandler                           0x080060cb   Thumb Code     0  startup_stm32f4xx.o(.text)
    FSMC_IRQHandler                          0x080060cb   Thumb Code     0  startup_stm32f4xx.o(.text)
    HASH_RNG_IRQHandler                      0x080060cb   Thumb Code     0  startup_stm32f4xx.o(.text)
    I2C1_ER_IRQHandler                       0x080060cb   Thumb Code     0  startup_stm32f4xx.o(.text)
    I2C1_EV_IRQHandler                       0x080060cb   Thumb Code     0  startup_stm32f4xx.o(.text)
    I2C2_ER_IRQHandler                       0x080060cb   Thumb Code     0  startup_stm32f4xx.o(.text)
    I2C2_EV_IRQHandler                       0x080060cb   Thumb Code     0  startup_stm32f4xx.o(.text)
    I2C3_ER_IRQHandler                       0x080060cb   Thumb Code     0  startup_stm32f4xx.o(.text)
    I2C3_EV_IRQHandler                       0x080060cb   Thumb Code     0  startup_stm32f4xx.o(.text)
    OTG_FS_IRQHandler                        0x080060cb   Thumb Code     0  startup_stm32f4xx.o(.text)
    OTG_FS_WKUP_IRQHandler                   0x080060cb   Thumb Code     0  startup_stm32f4xx.o(.text)
    OTG_HS_EP1_IN_IRQHandler                 0x080060cb   Thumb Code     0  startup_stm32f4xx.o(.text)
    OTG_HS_EP1_OUT_IRQHandler                0x080060cb   Thumb Code     0  startup_stm32f4xx.o(.text)
    OTG_HS_IRQHandler                        0x080060cb   Thumb Code     0  startup_stm32f4xx.o(.text)
    OTG_HS_WKUP_IRQHandler                   0x080060cb   Thumb Code     0  startup_stm32f4xx.o(.text)
    PVD_IRQHandler                           0x080060cb   Thumb Code     0  startup_stm32f4xx.o(.text)
    RCC_IRQHandler                           0x080060cb   Thumb Code     0  startup_stm32f4xx.o(.text)
    RTC_Alarm_IRQHandler                     0x080060cb   Thumb Code     0  startup_stm32f4xx.o(.text)
    RTC_WKUP_IRQHandler                      0x080060cb   Thumb Code     0  startup_stm32f4xx.o(.text)
    SDIO_IRQHandler                          0x080060cb   Thumb Code     0  startup_stm32f4xx.o(.text)
    SPI1_IRQHandler                          0x080060cb   Thumb Code     0  startup_stm32f4xx.o(.text)
    SPI2_IRQHandler                          0x080060cb   Thumb Code     0  startup_stm32f4xx.o(.text)
    SPI3_IRQHandler                          0x080060cb   Thumb Code     0  startup_stm32f4xx.o(.text)
    TAMP_STAMP_IRQHandler                    0x080060cb   Thumb Code     0  startup_stm32f4xx.o(.text)
    TIM1_BRK_TIM9_IRQHandler                 0x080060cb   Thumb Code     0  startup_stm32f4xx.o(.text)
    TIM1_CC_IRQHandler                       0x080060cb   Thumb Code     0  startup_stm32f4xx.o(.text)
    TIM1_TRG_COM_TIM11_IRQHandler            0x080060cb   Thumb Code     0  startup_stm32f4xx.o(.text)
    TIM1_UP_TIM10_IRQHandler                 0x080060cb   Thumb Code     0  startup_stm32f4xx.o(.text)
    TIM2_IRQHandler                          0x080060cb   Thumb Code     0  startup_stm32f4xx.o(.text)
    TIM4_IRQHandler                          0x080060cb   Thumb Code     0  startup_stm32f4xx.o(.text)
    TIM5_IRQHandler                          0x080060cb   Thumb Code     0  startup_stm32f4xx.o(.text)
    TIM6_DAC_IRQHandler                      0x080060cb   Thumb Code     0  startup_stm32f4xx.o(.text)
    TIM7_IRQHandler                          0x080060cb   Thumb Code     0  startup_stm32f4xx.o(.text)
    TIM8_BRK_TIM12_IRQHandler                0x080060cb   Thumb Code     0  startup_stm32f4xx.o(.text)
    TIM8_CC_IRQHandler                       0x080060cb   Thumb Code     0  startup_stm32f4xx.o(.text)
    TIM8_TRG_COM_TIM14_IRQHandler            0x080060cb   Thumb Code     0  startup_stm32f4xx.o(.text)
    TIM8_UP_TIM13_IRQHandler                 0x080060cb   Thumb Code     0  startup_stm32f4xx.o(.text)
    UART4_IRQHandler                         0x080060cb   Thumb Code     0  startup_stm32f4xx.o(.text)
    UART5_IRQHandler                         0x080060cb   Thumb Code     0  startup_stm32f4xx.o(.text)
    USART1_IRQHandler                        0x080060cb   Thumb Code     0  startup_stm32f4xx.o(.text)
    USART3_IRQHandler                        0x080060cb   Thumb Code     0  startup_stm32f4xx.o(.text)
    USART6_IRQHandler                        0x080060cb   Thumb Code     0  startup_stm32f4xx.o(.text)
    WWDG_IRQHandler                          0x080060cb   Thumb Code     0  startup_stm32f4xx.o(.text)
    OS_TaskStatStkChk                        0x080060d5   Thumb Code    54  os_core.o(.text)
    OS_TaskStat                              0x0800610b   Thumb Code   144  os_core.o(.text)
    OS_TaskIdle                              0x080061cf   Thumb Code    34  os_core.o(.text)
    OS_MemClr                                0x08006225   Thumb Code    18  os_core.o(.text)
    OSInit                                   0x08006345   Thumb Code    48  os_core.o(.text)
    OSIntEnter                               0x08006375   Thumb Code    28  os_core.o(.text)
    OSIntExit                                0x080063ab   Thumb Code   112  os_core.o(.text)
    OSSchedLock                              0x0800641b   Thumb Code    50  os_core.o(.text)
    OS_Sched                                 0x0800644d   Thumb Code    88  os_core.o(.text)
    OSSchedUnlock                            0x080064a5   Thumb Code   238  os_core.o(.text)
    OSStart                                  0x08006593   Thumb Code    48  os_core.o(.text)
    OSStatInit                               0x080065c3   Thumb Code    64  os_core.o(.text)
    OSTimeTick                               0x08006603   Thumb Code   210  os_core.o(.text)
    OSVersion                                0x080066d5   Thumb Code     6  os_core.o(.text)
    OS_Dummy                                 0x080066db   Thumb Code     2  os_core.o(.text)
    OS_EventTaskRemove                       0x080066dd   Thumb Code    42  os_core.o(.text)
    OS_EventTaskRdy                          0x08006707   Thumb Code   114  os_core.o(.text)
    OS_EventTaskWait                         0x08006779   Thumb Code   112  os_core.o(.text)
    OS_EventWaitListInit                     0x080067e9   Thumb Code    28  os_core.o(.text)
    OS_MemCopy                               0x08006805   Thumb Code    20  os_core.o(.text)
    OS_StrLen                                0x08006819   Thumb Code    20  os_core.o(.text)
    OS_TCBInit                               0x0800682d   Thumb Code   292  os_core.o(.text)
    OSFlagAccept                             0x08006995   Thumb Code   252  os_flag.o(.text)
    OSFlagCreate                             0x08006a91   Thumb Code    86  os_flag.o(.text)
    OS_FlagUnlink                            0x08006ae7   Thumb Code    36  os_flag.o(.text)
    OSFlagDel                                0x08006b5d   Thumb Code   214  os_flag.o(.text)
    OSFlagNameGet                            0x08006c33   Thumb Code    80  os_flag.o(.text)
    OSFlagNameSet                            0x08006c83   Thumb Code    66  os_flag.o(.text)
    OSFlagPend                               0x08006d5d   Thumb Code   614  os_flag.o(.text)
    OSFlagPendGetFlagsRdy                    0x08006fc3   Thumb Code    26  os_flag.o(.text)
    OSFlagPost                               0x08006fdd   Thumb Code   312  os_flag.o(.text)
    OSFlagQuery                              0x08007115   Thumb Code    48  os_flag.o(.text)
    OS_FlagInit                              0x08007145   Thumb Code    78  os_flag.o(.text)
    OSMemCreate                              0x080071a1   Thumb Code   118  os_mem.o(.text)
    OSMemGet                                 0x08007217   Thumb Code    62  os_mem.o(.text)
    OSMemNameGet                             0x08007255   Thumb Code    60  os_mem.o(.text)
    OSMemNameSet                             0x08007291   Thumb Code    48  os_mem.o(.text)
    OSMemPut                                 0x080072c1   Thumb Code    54  os_mem.o(.text)
    OSMemQuery                               0x080072f7   Thumb Code    52  os_mem.o(.text)
    OS_MemInit                               0x0800732b   Thumb Code    74  os_mem.o(.text)
    OSQAccept                                0x08007385   Thumb Code    88  os_q.o(.text)
    OSQCreate                                0x080073dd   Thumb Code   140  os_q.o(.text)
    OSQDel                                   0x08007469   Thumb Code   236  os_q.o(.text)
    OSQFlush                                 0x08007555   Thumb Code    36  os_q.o(.text)
    OSQPend                                  0x08007579   Thumb Code   272  os_q.o(.text)
    OSQPendAbort                             0x08007689   Thumb Code   128  os_q.o(.text)
    OSQPost                                  0x08007709   Thumb Code   114  os_q.o(.text)
    OSQPostFront                             0x0800777b   Thumb Code   136  os_q.o(.text)
    OSQPostOpt                               0x08007803   Thumb Code   182  os_q.o(.text)
    OSQQuery                                 0x080078b9   Thumb Code    98  os_q.o(.text)
    OS_QInit                                 0x0800791b   Thumb Code    72  os_q.o(.text)
    OSSemAccept                              0x0800796d   Thumb Code    42  os_sem.o(.text)
    OSSemCreate                              0x08007997   Thumb Code    68  os_sem.o(.text)
    OSSemDel                                 0x080079db   Thumb Code   200  os_sem.o(.text)
    OSSemPend                                0x08007aa3   Thumb Code   222  os_sem.o(.text)
    OSSemPendAbort                           0x08007b81   Thumb Code   128  os_sem.o(.text)
    OSSemPost                                0x08007c01   Thumb Code    88  os_sem.o(.text)
    OSSemQuery                               0x08007c59   Thumb Code    76  os_sem.o(.text)
    OSSemSet                                 0x08007ca5   Thumb Code    66  os_sem.o(.text)
    OSTaskChangePrio                         0x08007cf9   Thumb Code   308  os_task.o(.text)
    OSTaskCreate                             0x08007e2d   Thumb Code   148  os_task.o(.text)
    OS_TaskStkClr                            0x08007ec1   Thumb Code    26  os_task.o(.text)
    OSTaskCreateExt                          0x08007edb   Thumb Code   170  os_task.o(.text)
    OSTaskDel                                0x08007f85   Thumb Code   294  os_task.o(.text)
    OSTaskDelReq                             0x080080ab   Thumb Code   144  os_task.o(.text)
    OSTaskNameGet                            0x0800813b   Thumb Code   114  os_task.o(.text)
    OSTaskNameSet                            0x080081ad   Thumb Code    98  os_task.o(.text)
    OSTaskResume                             0x0800820f   Thumb Code   154  os_task.o(.text)
    OSTaskStkChk                             0x080082a9   Thumb Code   128  os_task.o(.text)
    OSTaskSuspend                            0x08008329   Thumb Code   152  os_task.o(.text)
    OSTaskQuery                              0x080083c1   Thumb Code    82  os_task.o(.text)
    OSTaskRegGet                             0x08008413   Thumb Code    60  os_task.o(.text)
    OSTaskRegSet                             0x0800844f   Thumb Code    62  os_task.o(.text)
    OS_TaskReturn                            0x0800848d   Thumb Code    18  os_task.o(.text)
    OSTimeDly                                0x080084b9   Thumb Code   100  os_time.o(.text)
    OSTimeDlyHMSM                            0x0800851d   Thumb Code    84  os_time.o(.text)
    OSTimeDlyResume                          0x08008571   Thumb Code   168  os_time.o(.text)
    OSTimeGet                                0x08008619   Thumb Code    24  os_time.o(.text)
    OSTimeSet                                0x08008631   Thumb Code    24  os_time.o(.text)
    OS_CPU_SR_Save                           0x08008665   Thumb Code     0  os_cpu_a.o(.text)
    OS_CPU_SR_Restore                        0x0800866d   Thumb Code     0  os_cpu_a.o(.text)
    OSStartHighRdy                           0x08008673   Thumb Code     0  os_cpu_a.o(.text)
    OSCtxSw                                  0x08008693   Thumb Code     0  os_cpu_a.o(.text)
    OSIntCtxSw                               0x0800869d   Thumb Code     0  os_cpu_a.o(.text)
    PendSV_Handler                           0x080086a7   Thumb Code     0  os_cpu_a.o(.text)
    OSInitHookBegin                          0x08008715   Thumb Code     2  os_cpu_c.o(.text)
    OSTaskReturnHook                         0x08008717   Thumb Code     2  os_cpu_c.o(.text)
    OSInitHookEnd                            0x08008719   Thumb Code     2  os_cpu_c.o(.text)
    OSTaskCreateHook                         0x0800871b   Thumb Code     2  os_cpu_c.o(.text)
    OSTaskDelHook                            0x0800871d   Thumb Code     2  os_cpu_c.o(.text)
    OSTaskIdleHook                           0x0800871f   Thumb Code     2  os_cpu_c.o(.text)
    OSTaskStatHook                           0x08008721   Thumb Code     2  os_cpu_c.o(.text)
    OSTaskStkInit                            0x08008723   Thumb Code   482  os_cpu_c.o(.text)
    OSTaskSwHook                             0x08008905   Thumb Code     2  os_cpu_c.o(.text)
    OSTCBInitHook                            0x08008907   Thumb Code     2  os_cpu_c.o(.text)
    OSTimeTickHook                           0x08008909   Thumb Code     2  os_cpu_c.o(.text)
    SysTick_Handler                          0x0800890b   Thumb Code    44  os_cpu_c.o(.text)
    OS_CPU_SysTickInit                       0x08008937   Thumb Code    86  os_cpu_c.o(.text)
    __aeabi_memcpy                           0x0800899d   Thumb Code    36  memcpya.o(.text)
    __aeabi_memcpy4                          0x0800899d   Thumb Code     0  memcpya.o(.text)
    __aeabi_memcpy8                          0x0800899d   Thumb Code     0  memcpya.o(.text)
    __aeabi_memset                           0x080089c1   Thumb Code    14  memseta.o(.text)
    __aeabi_memset4                          0x080089c1   Thumb Code     0  memseta.o(.text)
    __aeabi_memset8                          0x080089c1   Thumb Code     0  memseta.o(.text)
    __aeabi_memclr                           0x080089cf   Thumb Code     4  memseta.o(.text)
    __aeabi_memclr4                          0x080089cf   Thumb Code     0  memseta.o(.text)
    __aeabi_memclr8                          0x080089cf   Thumb Code     0  memseta.o(.text)
    _memset$wrapper                          0x080089d3   Thumb Code    18  memseta.o(.text)
    __scatterload                            0x080089e5   Thumb Code    28  init.o(.text)
    __scatterload_rt2                        0x080089e5   Thumb Code     0  init.o(.text)
    __scatterload_copy                       0x08008a09   Thumb Code    14  handlers.o(i.__scatterload_copy)
    __scatterload_null                       0x08008a17   Thumb Code     2  handlers.o(i.__scatterload_null)
    __scatterload_zeroinit                   0x08008a19   Thumb Code    14  handlers.o(i.__scatterload_zeroinit)
    LED_table                                0x08008a26   Data          18  led8.o(.constdata)
    OSUnMapTbl                               0x08008a38   Data         256  os_core.o(.constdata)
    Region$$Table$$Base                      0x08008b38   Number         0  anon$$obj.o(Region$$Table)
    Region$$Table$$Limit                     0x08008b58   Number         0  anon$$obj.o(Region$$Table)
    u16TempData                              0x20000008   Data           8  can1.o(.data)
    RUN                                      0x20000010   Data           4  main.o(.data)
    USART2_RX_STA                            0x20000014   Data           1  usart2.o(.data)
    M2006instrin                             0x20000016   Data           6  motor.o(.data)
    M3508instrin                             0x2000001c   Data           6  motor.o(.data)
    Can_Procedure                            0x20000024   Data           3  queue.o(.data)
    CanSendCount                             0x20000027   Data           1  queue.o(.data)
    Can1_Tx_NoMailBox                        0x20000028   Data           4  queue.o(.data)
    Can2_Tx_NoMailBox                        0x2000002c   Data           4  queue.o(.data)
    CAN_Procedure                            0x20000030   Data           3  canctrllist.o(.data)
    Flat90                                   0x20000034   Data           8  elmo.o(.data)
    U10                                      0x2000003c   Data           8  elmo.o(.data)
    EC_4P_30                                 0x20000044   Data           8  elmo.o(.data)
    SystemCoreClock                          0x2000005c   Data           4  system_stm32f4xx.o(.data)
    AHBPrescTable                            0x20000060   Data          16  system_stm32f4xx.o(.data)
    OSCtxSwCtr                               0x20000070   Data           4  os_core.o(.data)
    OSEventFreeList                          0x20000074   Data           4  os_core.o(.data)
    OSFlagFreeList                           0x20000078   Data           4  os_core.o(.data)
    OSCPUUsage                               0x2000007c   Data           1  os_core.o(.data)
    OSIdleCtrMax                             0x20000080   Data           4  os_core.o(.data)
    OSIdleCtrRun                             0x20000084   Data           4  os_core.o(.data)
    OSStatRdy                                0x20000088   Data           1  os_core.o(.data)
    OSIntNesting                             0x20000089   Data           1  os_core.o(.data)
    OSLockNesting                            0x2000008a   Data           1  os_core.o(.data)
    OSPrioCur                                0x2000008b   Data           1  os_core.o(.data)
    OSPrioHighRdy                            0x2000008c   Data           1  os_core.o(.data)
    OSRdyGrp                                 0x2000008d   Data           1  os_core.o(.data)
    OSRdyTbl                                 0x2000008e   Data           8  os_core.o(.data)
    OSRunning                                0x20000096   Data           1  os_core.o(.data)
    OSTaskCtr                                0x20000097   Data           1  os_core.o(.data)
    OSIdleCtr                                0x20000098   Data           4  os_core.o(.data)
    OSTCBCur                                 0x2000009c   Data           4  os_core.o(.data)
    OSTCBFreeList                            0x200000a0   Data           4  os_core.o(.data)
    OSTCBHighRdy                             0x200000a4   Data           4  os_core.o(.data)
    OSTCBList                                0x200000a8   Data           4  os_core.o(.data)
    OSTickStepState                          0x200000ac   Data           1  os_core.o(.data)
    OSMemFreeList                            0x200000b0   Data           4  os_core.o(.data)
    OSQFreeList                              0x200000b4   Data           4  os_core.o(.data)
    OSTime                                   0x200000b8   Data           4  os_core.o(.data)
    tick_ms                                  0x200000bc   Data           4  os_cpu_c.o(.data)
    START_TASK_STK                           0x200000d8   Data        1024  main.o(.bss)
    LCD_TASK_STK                             0x200004d8   Data        2048  main.o(.bss)
    FLAG_TASK_STK                            0x20000cd8   Data         512  main.o(.bss)
    MOTOR_TASK_STK                           0x20000ed8   Data        4096  main.o(.bss)
    ELMO_TASK_STK                            0x20001ed8   Data         512  main.o(.bss)
    SCOPE_TASK_STK                           0x200020d8   Data         512  main.o(.bss)
    usart                                    0x200022d8   Data         640  param.o(.bss)
    flag                                     0x20002558   Data          28  param.o(.bss)
    Motorlimit                               0x20002574   Data          20  motor.o(.bss)
    Motorargum                               0x20002588   Data          32  motor.o(.bss)
    motor                                    0x200025a8   Data        1600  motor.o(.bss)
    Can_Sendtruct                            0x20002be8   Data          16  queue.o(.bss)
    Can1_MesgSentList                        0x20002bf8   Data        3024  queue.o(.bss)
    Can2_MesgSentList                        0x200037c8   Data        3024  queue.o(.bss)
    Can_Sentquene                            0x20004398   Data         484  queue.o(.bss)
    Can1_Sendqueue                           0x2000457c   Data         484  queue.o(.bss)
    Can2_Sendqueue                           0x20004760   Data         484  queue.o(.bss)
    ELMOlimit                                0x20004944   Data          20  elmo.o(.bss)
    ELMOargum                                0x20004958   Data          20  elmo.o(.bss)
    ELMOmotor                                0x2000496c   Data         400  elmo.o(.bss)
    OSEventTbl                               0x20004afc   Data         300  os_core.o(.bss)
    OSFlagTbl                                0x20004c28   Data          80  os_core.o(.bss)
    OSTaskStatStk                            0x20004c78   Data         512  os_core.o(.bss)
    OSTaskIdleStk                            0x20004e78   Data         512  os_core.o(.bss)
    OSTCBPrioTbl                             0x20005078   Data         256  os_core.o(.bss)
    OSTCBTbl                                 0x20005178   Data        5208  os_core.o(.bss)
    OSMemTbl                                 0x200065d0   Data         120  os_core.o(.bss)
    OSQTbl                                   0x20006648   Data          96  os_core.o(.bss)
    __initial_sp                             0x20006aa8   Data           0  startup_stm32f4xx.o(STACK)



==============================================================================

Memory Map of the image

  Image Entry point : 0x08000189

  Load Region LR_IROM1 (Base: 0x08000000, Size: 0x00008c18, Max: 0x00100000, ABSOLUTE)

    Execution Region ER_IROM1 (Exec base: 0x08000000, Load base: 0x08000000, Size: 0x00008b58, Max: 0x00100000, ABSOLUTE)

    Exec Addr    Load Addr    Size         Type   Attr      Idx    E Section Name        Object

    0x08000000   0x08000000   0x00000188   Data   RO         1011    RESET               startup_stm32f4xx.o
    0x08000188   0x08000188   0x00000000   Code   RO         1188  * .ARM.Collect$$$$00000000  mc_w.l(entry.o)
    0x08000188   0x08000188   0x00000004   Code   RO         1197    .ARM.Collect$$$$00000001  mc_w.l(entry2.o)
    0x0800018c   0x0800018c   0x00000004   Code   RO         1200    .ARM.Collect$$$$00000004  mc_w.l(entry5.o)
    0x08000190   0x08000190   0x00000000   Code   RO         1202    .ARM.Collect$$$$00000008  mc_w.l(entry7b.o)
    0x08000190   0x08000190   0x00000000   Code   RO         1204    .ARM.Collect$$$$0000000A  mc_w.l(entry8b.o)
    0x08000190   0x08000190   0x00000008   Code   RO         1205    .ARM.Collect$$$$0000000B  mc_w.l(entry9a.o)
    0x08000198   0x08000198   0x00000000   Code   RO         1207    .ARM.Collect$$$$0000000D  mc_w.l(entry10a.o)
    0x08000198   0x08000198   0x00000000   Code   RO         1209    .ARM.Collect$$$$0000000F  mc_w.l(entry11a.o)
    0x08000198   0x08000198   0x00000004   Code   RO         1198    .ARM.Collect$$$$00002712  mc_w.l(entry2.o)
    0x0800019c   0x0800019c   0x00000010   Code   RO          744    .emb_text           sys.o
    0x080001ac   0x080001ac   0x00000048   Code   RO            4    .text               beep.o
    0x080001f4   0x080001f4   0x00000504   Code   RO          104    .text               can1.o
    0x080006f8   0x080006f8   0x00000036   Code   RO          185    .text               delay.o
    0x0800072e   0x0800072e   0x00000002   PAD
    0x08000730   0x08000730   0x000008a8   Code   RO          209    .text               can2.o
    0x08000fd8   0x08000fd8   0x00000084   Code   RO          235    .text               led8.o
    0x0800105c   0x0800105c   0x00000090   Code   RO          265    .text               led.o
    0x080010ec   0x080010ec   0x000001ec   Code   RO          289    .text               main.o
    0x080012d8   0x080012d8   0x00000028   Code   RO          345    .text               param.o
    0x08001300   0x08001300   0x00000134   Code   RO          386    .text               tim3.o
    0x08001434   0x08001434   0x00000120   Code   RO          410    .text               usart1.o
    0x08001554   0x08001554   0x000002b8   Code   RO          434    .text               usart2.o
    0x0800180c   0x0800180c   0x00000bdc   Code   RO          462    .text               motor.o
    0x080023e8   0x080023e8   0x00000250   Code   RO          517    .text               key.o
    0x08002638   0x08002638   0x000001d4   Code   RO          541    .text               queue.o
    0x0800280c   0x0800280c   0x000003f4   Code   RO          604    .text               canctrllist.o
    0x08002c00   0x08002c00   0x00000080   Code   RO          634    .text               pid.o
    0x08002c80   0x08002c80   0x00001158   Code   RO          658    .text               elmo.o
    0x08003dd8   0x08003dd8   0x00000148   Code   RO          696    .text               dma.o
    0x08003f20   0x08003f20   0x000000b0   Code   RO          720    .text               visual_scope.o
    0x08003fd0   0x08003fd0   0x00000458   Code   RO          745    .text               sys.o
    0x08004428   0x08004428   0x000000e0   Code   RO          772    .text               misc.o
    0x08004508   0x08004508   0x000009f0   Code   RO          796    .text               stm32f4xx_can.o
    0x08004ef8   0x08004ef8   0x000003a8   Code   RO          820    .text               stm32f4xx_dma.o
    0x080052a0   0x080052a0   0x0000025c   Code   RO          871    .text               stm32f4xx_gpio.o
    0x080054fc   0x080054fc   0x00000588   Code   RO          895    .text               stm32f4xx_rcc.o
    0x08005a84   0x08005a84   0x0000041a   Code   RO          948    .text               stm32f4xx_usart.o
    0x08005e9e   0x08005e9e   0x00000002   PAD
    0x08005ea0   0x08005ea0   0x00000210   Code   RO          972    .text               system_stm32f4xx.o
    0x080060b0   0x080060b0   0x00000024   Code   RO         1012    .text               startup_stm32f4xx.o
    0x080060d4   0x080060d4   0x000008c0   Code   RO         1016    .text               os_core.o
    0x08006994   0x08006994   0x0000080c   Code   RO         1036    .text               os_flag.o
    0x080071a0   0x080071a0   0x000001e4   Code   RO         1060    .text               os_mem.o
    0x08007384   0x08007384   0x000005e8   Code   RO         1084    .text               os_q.o
    0x0800796c   0x0800796c   0x0000038c   Code   RO         1096    .text               os_sem.o
    0x08007cf8   0x08007cf8   0x000007c0   Code   RO         1108    .text               os_task.o
    0x080084b8   0x080084b8   0x000001ac   Code   RO         1120    .text               os_time.o
    0x08008664   0x08008664   0x000000b0   Code   RO         1138    .text               os_cpu_a.o
    0x08008714   0x08008714   0x00000288   Code   RO         1144    .text               os_cpu_c.o
    0x0800899c   0x0800899c   0x00000024   Code   RO         1191    .text               mc_w.l(memcpya.o)
    0x080089c0   0x080089c0   0x00000024   Code   RO         1193    .text               mc_w.l(memseta.o)
    0x080089e4   0x080089e4   0x00000024   Code   RO         1211    .text               mc_w.l(init.o)
    0x08008a08   0x08008a08   0x0000000e   Code   RO         1215    i.__scatterload_copy  mc_w.l(handlers.o)
    0x08008a16   0x08008a16   0x00000002   Code   RO         1216    i.__scatterload_null  mc_w.l(handlers.o)
    0x08008a18   0x08008a18   0x0000000e   Code   RO         1217    i.__scatterload_zeroinit  mc_w.l(handlers.o)
    0x08008a26   0x08008a26   0x00000012   Data   RO          236    .constdata          led8.o
    0x08008a38   0x08008a38   0x00000100   Data   RO         1018    .constdata          os_core.o
    0x08008b38   0x08008b38   0x00000020   Data   RO         1213    Region$$Table       anon$$obj.o


    Execution Region RW_IRAM1 (Exec base: 0x20000000, Load base: 0x08008b58, Size: 0x00006aa8, Max: 0x00020000, ABSOLUTE)

    Exec Addr    Load Addr    Size         Type   Attr      Idx    E Section Name        Object

    0x20000000   0x08008b58   0x00000010   Data   RW          105    .data               can1.o
    0x20000010   0x08008b68   0x00000004   Data   RW          291    .data               main.o
    0x20000014   0x08008b6c   0x00000001   Data   RW          436    .data               usart2.o
    0x20000015   0x08008b6d   0x00000001   PAD
    0x20000016   0x08008b6e   0x0000000c   Data   RW          464    .data               motor.o
    0x20000022   0x08008b7a   0x00000002   PAD
    0x20000024   0x08008b7c   0x0000000c   Data   RW          543    .data               queue.o
    0x20000030   0x08008b88   0x00000003   Data   RW          605    .data               canctrllist.o
    0x20000033   0x08008b8b   0x00000001   PAD
    0x20000034   0x08008b8c   0x00000018   Data   RW          660    .data               elmo.o
    0x2000004c   0x08008ba4   0x00000010   Data   RW          896    .data               stm32f4xx_rcc.o
    0x2000005c   0x08008bb4   0x00000014   Data   RW          973    .data               system_stm32f4xx.o
    0x20000070   0x08008bc8   0x0000004c   Data   RW         1019    .data               os_core.o
    0x200000bc   0x08008c14   0x00000004   Data   RW         1145    .data               os_cpu_c.o
    0x200000c0        -       0x00000014   Zero   RW          210    .bss                can2.o
    0x200000d4   0x08008c18   0x00000004   PAD
    0x200000d8        -       0x00002200   Zero   RW          290    .bss                main.o
    0x200022d8        -       0x0000029c   Zero   RW          346    .bss                param.o
    0x20002574        -       0x00000674   Zero   RW          463    .bss                motor.o
    0x20002be8        -       0x00001d5c   Zero   RW          542    .bss                queue.o
    0x20004944        -       0x000001b8   Zero   RW          659    .bss                elmo.o
    0x20004afc        -       0x00001bac   Zero   RW         1017    .bss                os_core.o
    0x200066a8        -       0x00000400   Zero   RW         1009    STACK               startup_stm32f4xx.o


==============================================================================

Image component sizes


      Code (inc. data)   RO Data    RW Data    ZI Data      Debug   Object Name

        72          6          0          0          0     229322   beep.o
      1284         40          0         16          0      25433   can1.o
      2216         60          0          0         20       3044   can2.o
      1012         12          0          3          0       2795   canctrllist.o
        54          0          0          0          0        864   delay.o
       328         12          0          0          0       1452   dma.o
      4440         84          0         24        440       9868   elmo.o
       592         10          0          0          0       1231   key.o
       144          6          0          0          0        669   led.o
       132          8         18          0          0       1245   led8.o
       492         80          0          4       8704      51282   main.o
       224         20          0          0          0       1969   misc.o
      3036         62          0         12       1652       3859   motor.o
      2240        216        256         76       7084      15666   os_core.o
       176         32          0          0          0        316   os_cpu_a.o
       648         16          0          4          0      41809   os_cpu_c.o
      2060         42          0          0          0       7216   os_flag.o
       484         16          0          0          0       3296   os_mem.o
      1512         30          0          0          0       5781   os_q.o
       908         18          0          0          0       4054   os_sem.o
      1984         70          0          0          0       7889   os_task.o
       428         28          0          0          0       1878   os_time.o
        40          4          0          0        668       2620   param.o
       128          0          0          0          0       1177   pid.o
       468         38          0         12       7516       3672   queue.o
        36          8        392          0       1024        844   startup_stm32f4xx.o
      2544         38          0          0          0       8300   stm32f4xx_can.o
       936         32          0          0          0       6549   stm32f4xx_dma.o
       604         36          0          0          0       4277   stm32f4xx_gpio.o
      1416         48          0         16          0      11223   stm32f4xx_rcc.o
      1050         26          0          0          0       8012   stm32f4xx_usart.o
      1128         46          0          0          0       4244   sys.o
       528         46          0         20          0       1879   system_stm32f4xx.o
       308         28          0          0          0        805   tim3.o
       288         30          0          0          0       1183   usart1.o
       696         46          0          1          0       1867   usart2.o
       176          0          0          0          0       1268   visual_scope.o

    ----------------------------------------------------------------------
     34816       1294        698        192      27112     478858   Object Totals
         0          0         32          0          0          0   (incl. Generated)
         4          0          0          4          4          0   (incl. Padding)

    ----------------------------------------------------------------------

      Code (inc. data)   RO Data    RW Data    ZI Data      Debug   Library Member Name

         0          0          0          0          0          0   entry.o
         0          0          0          0          0          0   entry10a.o
         0          0          0          0          0          0   entry11a.o
         8          4          0          0          0          0   entry2.o
         4          0          0          0          0          0   entry5.o
         0          0          0          0          0          0   entry7b.o
         0          0          0          0          0          0   entry8b.o
         8          4          0          0          0          0   entry9a.o
        30          0          0          0          0          0   handlers.o
        36          8          0          0          0         68   init.o
        36          0          0          0          0         68   memcpya.o
        36          0          0          0          0        108   memseta.o

    ----------------------------------------------------------------------
       158         16          0          0          0        244   Library Totals
         0          0          0          0          0          0   (incl. Padding)

    ----------------------------------------------------------------------

      Code (inc. data)   RO Data    RW Data    ZI Data      Debug   Library Name

       158         16          0          0          0        244   mc_w.l

    ----------------------------------------------------------------------
       158         16          0          0          0        244   Library Totals

    ----------------------------------------------------------------------

==============================================================================


      Code (inc. data)   RO Data    RW Data    ZI Data      Debug   

     34974       1310        698        192      27112     472554   Grand Totals
     34974       1310        698        192      27112     472554   ELF Image Totals
     34974       1310        698        192          0          0   ROM Totals

==============================================================================

    Total RO  Size (Code + RO Data)                35672 (  34.84kB)
    Total RW  Size (RW Data + ZI Data)             27304 (  26.66kB)
    Total ROM Size (Code + RO Data + RW Data)      35864 (  35.02kB)

==============================================================================

